<!doctype html public "-//w3c//dtd html 4.0 transitional//en">
<html><head>
<title>Static Call Graph - [.\Objects\03oos_openwsn.axf]</title></head>
<body><HR>
<H1>Static Call Graph for image .\Objects\03oos_openwsn.axf</H1><HR>
<BR><P>#&#060CALLGRAPH&#062# ARM Linker, 5060960: Last Updated: Thu Jun 02 17:05:31 2022
<BR><P>
<H3>Maximum Stack Usage =       1160 bytes + Unknown(Functions without stacksize, Cycles, Untraceable Function Pointers)</H3><H3>
Call chain for Maximum Stack Depth:</H3>
task_sixtopNotifReceive &rArr; iphc_receive &rArr; forwarding_receive &rArr; icmpv6_receive &rArr; icmpv6rpl_receive &rArr; icmpv6rpl_timer_DIO_task &rArr; sendDIO &rArr; icmpv6_send &rArr; forwarding_send &rArr; forwarding_send_internal_RoutingTable &rArr; iphc_sendFromForwarding &rArr; sixtop_send &rArr; sixtop_send_internal &rArr; ieee802154_prependHeader &rArr; packetfunctions_writeAddress &rArr; packetfunctions_reserveHeader &rArr; openserial_printLog &rArr; internal_openserial_print &rArr; outputHdlcClose &rArr; outputHdlcWrite &rArr; crcIteration
<P>
<H3>
Functions with no stack information
</H3><UL>
 <LI><a href="#[31]">__user_initial_stackheap</a>
</UL>
</UL>
<P>
<H3>
Mutually Recursive functions
</H3> <LI><a href="#[89]">idmanager_getMyID</a>&nbsp;&nbsp;&nbsp;&rArr;&nbsp;&nbsp;&nbsp;<a href="#[80]">openserial_printLog</a><BR>
</UL>
<P>
<H3>
Function Pointers
</H3><UL>
 <LI><a href="#[9]">ADC_Handler</a> from cm0dsasm.o(.text) referenced from cm0dsasm.o(RESET)
 <LI><a href="#[11]">EXT_GPIO10_ACTIVELOW</a> from cm0dsasm.o(.text) referenced from cm0dsasm.o(RESET)
 <LI><a href="#[7]">EXT_GPIO3_ACTIVEHIGH_DEBOUNCED_Handler</a> from cm0dsasm.o(.text) referenced from cm0dsasm.o(RESET)
 <LI><a href="#[f]">EXT_GPIO8_ACTIVEHIGH_Handler</a> from cm0dsasm.o(.text) referenced from cm0dsasm.o(RESET)
 <LI><a href="#[10]">EXT_GPIO9_ACTIVELOW_Handler</a> from cm0dsasm.o(.text) referenced from cm0dsasm.o(RESET)
 <LI><a href="#[8]">EXT_OPTICAL_IRQ_IN_Handler</a> from cm0dsasm.o(.text) referenced from cm0dsasm.o(RESET)
 <LI><a href="#[e]">OPTICAL_SFD_Handler</a> from cm0dsasm.o(.text) referenced from cm0dsasm.o(RESET)
 <LI><a href="#[d]">RAWCHIPS_32_Handler</a> from cm0dsasm.o(.text) referenced from cm0dsasm.o(RESET)
 <LI><a href="#[c]">RAWCHIPS_STARTVAL_Handler</a> from cm0dsasm.o(.text) referenced from cm0dsasm.o(RESET)
 <LI><a href="#[b]">RFTIMER_Handler</a> from cm0dsasm.o(.text) referenced from cm0dsasm.o(RESET)
 <LI><a href="#[a]">RF_Handler</a> from cm0dsasm.o(.text) referenced from cm0dsasm.o(RESET)
 <LI><a href="#[2f]">Reset_Handler</a> from cm0dsasm.o(.text) referenced from cm0dsasm.o(RESET)
 <LI><a href="#[6]">UART_Handler</a> from cm0dsasm.o(.text) referenced from cm0dsasm.o(RESET)
 <LI><a href="#[30]">__main</a> from __main.o(!!!main) referenced from cm0dsasm.o(.text)
 <LI><a href="#[14]">_printf_input_char</a> from _printf_char_common.o(.text) referenced from _printf_char_common.o(.text)
 <LI><a href="#[13]">fputc</a> from retarget.o(i.fputc) referenced from _printf_char_file.o(.text)
 <LI><a href="#[19]">icmpv6rpl_timer_DAO_cb</a> from icmpv6rpl.o(i.icmpv6rpl_timer_DAO_cb) referenced from icmpv6rpl.o(i.icmpv6rpl_init)
 <LI><a href="#[18]">icmpv6rpl_timer_DIO_cb</a> from icmpv6rpl.o(i.icmpv6rpl_timer_DIO_cb) referenced from icmpv6rpl.o(i.icmpv6rpl_init)
 <LI><a href="#[1b]">ieee154e_endOfFrame</a> from ieee802154e.o(i.ieee154e_endOfFrame) referenced from ieee802154e.o(i.ieee154e_init)
 <LI><a href="#[1a]">ieee154e_startOfFrame</a> from ieee802154e.o(i.ieee154e_startOfFrame) referenced from ieee802154e.o(i.ieee154e_init)
 <LI><a href="#[17]">isr_ieee154e_inhibitStart</a> from ieee802154e.o(i.isr_ieee154e_inhibitStart) referenced from ieee802154e.o(i.activity_synchronize_newSlot)
 <LI><a href="#[17]">isr_ieee154e_inhibitStart</a> from ieee802154e.o(i.isr_ieee154e_inhibitStart) referenced from ieee802154e.o(i.endSlot)
 <LI><a href="#[16]">isr_ieee154e_newSlot</a> from ieee802154e.o(i.isr_ieee154e_newSlot) referenced from ieee802154e.o(i.activity_ri4)
 <LI><a href="#[16]">isr_ieee154e_newSlot</a> from ieee802154e.o(i.isr_ieee154e_newSlot) referenced from ieee802154e.o(i.activity_ri5)
 <LI><a href="#[16]">isr_ieee154e_newSlot</a> from ieee802154e.o(i.isr_ieee154e_newSlot) referenced from ieee802154e.o(i.activity_ri8)
 <LI><a href="#[16]">isr_ieee154e_newSlot</a> from ieee802154e.o(i.isr_ieee154e_newSlot) referenced from ieee802154e.o(i.activity_ri9)
 <LI><a href="#[16]">isr_ieee154e_newSlot</a> from ieee802154e.o(i.isr_ieee154e_newSlot) referenced from ieee802154e.o(i.activity_ti1ORri1)
 <LI><a href="#[16]">isr_ieee154e_newSlot</a> from ieee802154e.o(i.isr_ieee154e_newSlot) referenced from ieee802154e.o(i.activity_ti4)
 <LI><a href="#[16]">isr_ieee154e_newSlot</a> from ieee802154e.o(i.isr_ieee154e_newSlot) referenced from ieee802154e.o(i.activity_ti5)
 <LI><a href="#[16]">isr_ieee154e_newSlot</a> from ieee802154e.o(i.isr_ieee154e_newSlot) referenced from ieee802154e.o(i.activity_ti8)
 <LI><a href="#[16]">isr_ieee154e_newSlot</a> from ieee802154e.o(i.isr_ieee154e_newSlot) referenced from ieee802154e.o(i.activity_ti9)
 <LI><a href="#[16]">isr_ieee154e_newSlot</a> from ieee802154e.o(i.isr_ieee154e_newSlot) referenced from ieee802154e.o(i.endSlot)
 <LI><a href="#[16]">isr_ieee154e_newSlot</a> from ieee802154e.o(i.isr_ieee154e_newSlot) referenced from ieee802154e.o(i.ieee154e_init)
 <LI><a href="#[16]">isr_ieee154e_newSlot</a> from ieee802154e.o(i.isr_ieee154e_newSlot) referenced from ieee802154e.o(i.isr_ieee154e_newSlot)
 <LI><a href="#[16]">isr_ieee154e_newSlot</a> from ieee802154e.o(i.isr_ieee154e_newSlot) referenced from ieee802154e.o(i.synchronizePacket)
 <LI><a href="#[15]">isr_ieee154e_timer</a> from ieee802154e.o(i.isr_ieee154e_timer) referenced from ieee802154e.o(i.activity_ri2)
 <LI><a href="#[15]">isr_ieee154e_timer</a> from ieee802154e.o(i.isr_ieee154e_timer) referenced from ieee802154e.o(i.activity_ri3)
 <LI><a href="#[15]">isr_ieee154e_timer</a> from ieee802154e.o(i.isr_ieee154e_timer) referenced from ieee802154e.o(i.activity_ri4)
 <LI><a href="#[15]">isr_ieee154e_timer</a> from ieee802154e.o(i.isr_ieee154e_timer) referenced from ieee802154e.o(i.activity_ri5)
 <LI><a href="#[15]">isr_ieee154e_timer</a> from ieee802154e.o(i.isr_ieee154e_timer) referenced from ieee802154e.o(i.activity_ri6)
 <LI><a href="#[15]">isr_ieee154e_timer</a> from ieee802154e.o(i.isr_ieee154e_timer) referenced from ieee802154e.o(i.activity_ri7)
 <LI><a href="#[15]">isr_ieee154e_timer</a> from ieee802154e.o(i.isr_ieee154e_timer) referenced from ieee802154e.o(i.activity_ri8)
 <LI><a href="#[15]">isr_ieee154e_timer</a> from ieee802154e.o(i.isr_ieee154e_timer) referenced from ieee802154e.o(i.activity_ti1ORri1)
 <LI><a href="#[15]">isr_ieee154e_timer</a> from ieee802154e.o(i.isr_ieee154e_timer) referenced from ieee802154e.o(i.activity_ti2)
 <LI><a href="#[15]">isr_ieee154e_timer</a> from ieee802154e.o(i.isr_ieee154e_timer) referenced from ieee802154e.o(i.activity_ti3)
 <LI><a href="#[15]">isr_ieee154e_timer</a> from ieee802154e.o(i.isr_ieee154e_timer) referenced from ieee802154e.o(i.activity_ti4)
 <LI><a href="#[15]">isr_ieee154e_timer</a> from ieee802154e.o(i.isr_ieee154e_timer) referenced from ieee802154e.o(i.activity_ti5)
 <LI><a href="#[15]">isr_ieee154e_timer</a> from ieee802154e.o(i.isr_ieee154e_timer) referenced from ieee802154e.o(i.activity_ti6)
 <LI><a href="#[15]">isr_ieee154e_timer</a> from ieee802154e.o(i.isr_ieee154e_timer) referenced from ieee802154e.o(i.activity_ti7)
 <LI><a href="#[15]">isr_ieee154e_timer</a> from ieee802154e.o(i.isr_ieee154e_timer) referenced from ieee802154e.o(i.activity_ti8)
 <LI><a href="#[28]">isr_openserial_rx</a> from openserial.o(i.isr_openserial_rx) referenced from openserial.o(i.openserial_init)
 <LI><a href="#[29]">isr_openserial_tx</a> from openserial.o(i.isr_openserial_tx) referenced from openserial.o(i.openserial_init)
 <LI><a href="#[22]">msf_getMetadata</a> from msf.o(i.msf_getMetadata) referenced from msf.o(i.msf_init)
 <LI><a href="#[23]">msf_getsfid</a> from msf.o(i.msf_getsfid) referenced from msf.o(i.msf_init)
 <LI><a href="#[20]">msf_handleRCError</a> from msf.o(i.msf_handleRCError) referenced from msf.o(i.msf_init)
 <LI><a href="#[1f]">msf_timer_clear_task</a> from msf.o(i.msf_timer_clear_task) referenced from msf.o(i.msf_handleRCError)
 <LI><a href="#[24]">msf_timer_housekeeping_cb</a> from msf.o(i.msf_timer_housekeeping_cb) referenced from msf.o(i.msf_init)
 <LI><a href="#[1e]">msf_timer_waitretry_cb</a> from msf.o(i.msf_timer_waitretry_cb) referenced from msf.o(i.msf_handleRCError)
 <LI><a href="#[21]">msf_translateMetadata</a> from msf.o(i.msf_translateMetadata) referenced from msf.o(i.msf_init)
 <LI><a href="#[2a]">openserial_board_reset_cb</a> from openserial.o(i.openserial_board_reset_cb) referenced from openserial.o(i.openserial_printLog)
 <LI><a href="#[27]">openserial_debugPrint_timer_cb</a> from openserial.o(i.openserial_debugPrint_timer_cb) referenced from openserial.o(i.openserial_init)
 <LI><a href="#[2b]">opentimers_timer_callback</a> from opentimers.o(i.opentimers_timer_callback) referenced from opentimers.o(i.opentimers_init)
 <LI><a href="#[2d]">sixtop_maintenance_timer_cb</a> from sixtop.o(i.sixtop_maintenance_timer_cb) referenced from sixtop.o(i.sixtop_init)
 <LI><a href="#[2c]">sixtop_sendingEb_timer_cb</a> from sixtop.o(i.sixtop_sendingEb_timer_cb) referenced from sixtop.o(i.sixtop_init)
 <LI><a href="#[2e]">sixtop_timeout_timer_cb</a> from sixtop.o(i.sixtop_timeout_timer_cb) referenced from sixtop.o(i.sixtop_six2six_sendDone)
 <LI><a href="#[1c]">task_printInputBufferOverflow</a> from openserial.o(i.task_printInputBufferOverflow) referenced from openserial.o(i.isr_openserial_rx)
 <LI><a href="#[1d]">task_printWrongCRCInput</a> from openserial.o(i.task_printWrongCRCInput) referenced from openserial.o(i.isr_openserial_rx)
 <LI><a href="#[25]">task_sixtopNotifReceive</a> from sixtop.o(i.task_sixtopNotifReceive) referenced from ieee802154e.o(i.notif_receive)
 <LI><a href="#[26]">task_sixtopNotifSendDone</a> from sixtop.o(i.task_sixtopNotifSendDone) referenced from ieee802154e.o(i.notif_sendDone)
</UL>
<P>
<H3>
Global Symbols
</H3>
<P><STRONG><a name="[30]"></a>__main</STRONG> (Thumb, 8 bytes, Stack size 0 bytes, __main.o(!!!main))
<BR><BR>[Calls]<UL><LI><a href="#[32]">&gt;&gt;</a>&nbsp;&nbsp;&nbsp;__scatterload
<LI><a href="#[33]">&gt;&gt;</a>&nbsp;&nbsp;&nbsp;__rt_entry
</UL>

<P><STRONG><a name="[32]"></a>__scatterload</STRONG> (Thumb, 0 bytes, Stack size unknown bytes, __scatter.o(!!!scatter))
<BR><BR>[Called By]<UL><LI><a href="#[30]">&gt;&gt;</a>&nbsp;&nbsp;&nbsp;__main
</UL>

<P><STRONG><a name="[34]"></a>__scatterload_rt2</STRONG> (Thumb, 52 bytes, Stack size unknown bytes, __scatter.o(!!!scatter), UNUSED)
<BR><BR>[Calls]<UL><LI><a href="#[33]">&gt;&gt;</a>&nbsp;&nbsp;&nbsp;__rt_entry
</UL>

<P><STRONG><a name="[1fd]"></a>__scatterload_rt2_thumb_only</STRONG> (Thumb, 0 bytes, Stack size unknown bytes, __scatter.o(!!!scatter), UNUSED)

<P><STRONG><a name="[1fe]"></a>__scatterload_null</STRONG> (Thumb, 0 bytes, Stack size unknown bytes, __scatter.o(!!!scatter), UNUSED)

<P><STRONG><a name="[35]"></a>__scatterload_copy</STRONG> (Thumb, 26 bytes, Stack size unknown bytes, __scatter_copy.o(!!handler_copy), UNUSED)
<BR><BR>[Calls]<UL><LI><a href="#[35]">&gt;&gt;</a>&nbsp;&nbsp;&nbsp;__scatterload_copy
</UL>
<BR>[Called By]<UL><LI><a href="#[35]">&gt;&gt;</a>&nbsp;&nbsp;&nbsp;__scatterload_copy
</UL>

<P><STRONG><a name="[1ff]"></a>__scatterload_zeroinit</STRONG> (Thumb, 28 bytes, Stack size unknown bytes, __scatter_zi.o(!!handler_zi), UNUSED)

<P><STRONG><a name="[55]"></a>_printf_percent</STRONG> (Thumb, 0 bytes, Stack size unknown bytes, _printf_percent.o(.ARM.Collect$$_printf_percent$$00000000))
<BR><BR>[Called By]<UL><LI><a href="#[54]">&gt;&gt;</a>&nbsp;&nbsp;&nbsp;__printf
</UL>

<P><STRONG><a name="[36]"></a>_printf_d</STRONG> (Thumb, 0 bytes, Stack size unknown bytes, _printf_d.o(.ARM.Collect$$_printf_percent$$00000009))
<BR><BR>[Stack]<UL><LI>Max Depth = 72 + Unknown Stack Size
<LI>Call Chain = _printf_d &rArr; _printf_int_dec &rArr; _printf_int_common
</UL>
<BR>[Calls]<UL><LI><a href="#[37]">&gt;&gt;</a>&nbsp;&nbsp;&nbsp;_printf_x
<LI><a href="#[38]">&gt;&gt;</a>&nbsp;&nbsp;&nbsp;_printf_int_dec
</UL>

<P><STRONG><a name="[37]"></a>_printf_x</STRONG> (Thumb, 0 bytes, Stack size unknown bytes, _printf_x.o(.ARM.Collect$$_printf_percent$$0000000C))
<BR><BR>[Stack]<UL><LI>Max Depth = 56 + Unknown Stack Size
<LI>Call Chain = _printf_x &rArr; _printf_int_hex &rArr; _printf_int_common
</UL>
<BR>[Calls]<UL><LI><a href="#[39]">&gt;&gt;</a>&nbsp;&nbsp;&nbsp;_printf_percent_end
<LI><a href="#[3a]">&gt;&gt;</a>&nbsp;&nbsp;&nbsp;_printf_int_hex
</UL>
<BR>[Called By]<UL><LI><a href="#[36]">&gt;&gt;</a>&nbsp;&nbsp;&nbsp;_printf_d
</UL>

<P><STRONG><a name="[39]"></a>_printf_percent_end</STRONG> (Thumb, 0 bytes, Stack size unknown bytes, _printf_percent_end.o(.ARM.Collect$$_printf_percent$$00000017))
<BR><BR>[Called By]<UL><LI><a href="#[37]">&gt;&gt;</a>&nbsp;&nbsp;&nbsp;_printf_x
</UL>

<P><STRONG><a name="[3e]"></a>__rt_lib_init</STRONG> (Thumb, 0 bytes, Stack size unknown bytes, libinit.o(.ARM.Collect$$libinit$$00000000))
<BR><BR>[Called By]<UL><LI><a href="#[3d]">&gt;&gt;</a>&nbsp;&nbsp;&nbsp;__rt_entry_li
</UL>

<P><STRONG><a name="[200]"></a>__rt_lib_init_alloca_1</STRONG> (Thumb, 0 bytes, Stack size unknown bytes, libinit2.o(.ARM.Collect$$libinit$$0000002E))

<P><STRONG><a name="[201]"></a>__rt_lib_init_argv_1</STRONG> (Thumb, 0 bytes, Stack size unknown bytes, libinit2.o(.ARM.Collect$$libinit$$0000002C))

<P><STRONG><a name="[202]"></a>__rt_lib_init_atexit_1</STRONG> (Thumb, 0 bytes, Stack size unknown bytes, libinit2.o(.ARM.Collect$$libinit$$0000001B))

<P><STRONG><a name="[203]"></a>__rt_lib_init_clock_1</STRONG> (Thumb, 0 bytes, Stack size unknown bytes, libinit2.o(.ARM.Collect$$libinit$$00000021))

<P><STRONG><a name="[204]"></a>__rt_lib_init_cpp_1</STRONG> (Thumb, 0 bytes, Stack size unknown bytes, libinit2.o(.ARM.Collect$$libinit$$00000032))

<P><STRONG><a name="[205]"></a>__rt_lib_init_exceptions_1</STRONG> (Thumb, 0 bytes, Stack size unknown bytes, libinit2.o(.ARM.Collect$$libinit$$00000030))

<P><STRONG><a name="[206]"></a>__rt_lib_init_fp_1</STRONG> (Thumb, 0 bytes, Stack size unknown bytes, libinit2.o(.ARM.Collect$$libinit$$00000002))

<P><STRONG><a name="[207]"></a>__rt_lib_init_fp_trap_1</STRONG> (Thumb, 0 bytes, Stack size unknown bytes, libinit2.o(.ARM.Collect$$libinit$$0000001F))

<P><STRONG><a name="[208]"></a>__rt_lib_init_getenv_1</STRONG> (Thumb, 0 bytes, Stack size unknown bytes, libinit2.o(.ARM.Collect$$libinit$$00000023))

<P><STRONG><a name="[209]"></a>__rt_lib_init_heap_1</STRONG> (Thumb, 0 bytes, Stack size unknown bytes, libinit2.o(.ARM.Collect$$libinit$$0000000A))

<P><STRONG><a name="[20a]"></a>__rt_lib_init_lc_collate_1</STRONG> (Thumb, 0 bytes, Stack size unknown bytes, libinit2.o(.ARM.Collect$$libinit$$00000011))

<P><STRONG><a name="[20b]"></a>__rt_lib_init_lc_ctype_1</STRONG> (Thumb, 0 bytes, Stack size unknown bytes, libinit2.o(.ARM.Collect$$libinit$$00000013))

<P><STRONG><a name="[20c]"></a>__rt_lib_init_lc_monetary_1</STRONG> (Thumb, 0 bytes, Stack size unknown bytes, libinit2.o(.ARM.Collect$$libinit$$00000015))

<P><STRONG><a name="[20d]"></a>__rt_lib_init_lc_numeric_1</STRONG> (Thumb, 0 bytes, Stack size unknown bytes, libinit2.o(.ARM.Collect$$libinit$$00000017))

<P><STRONG><a name="[20e]"></a>__rt_lib_init_lc_time_1</STRONG> (Thumb, 0 bytes, Stack size unknown bytes, libinit2.o(.ARM.Collect$$libinit$$00000019))

<P><STRONG><a name="[20f]"></a>__rt_lib_init_preinit_1</STRONG> (Thumb, 0 bytes, Stack size unknown bytes, libinit2.o(.ARM.Collect$$libinit$$00000004))

<P><STRONG><a name="[210]"></a>__rt_lib_init_rand_1</STRONG> (Thumb, 0 bytes, Stack size unknown bytes, libinit2.o(.ARM.Collect$$libinit$$0000000E))

<P><STRONG><a name="[211]"></a>__rt_lib_init_return</STRONG> (Thumb, 0 bytes, Stack size unknown bytes, libinit2.o(.ARM.Collect$$libinit$$00000033))

<P><STRONG><a name="[212]"></a>__rt_lib_init_signal_1</STRONG> (Thumb, 0 bytes, Stack size unknown bytes, libinit2.o(.ARM.Collect$$libinit$$0000001D))

<P><STRONG><a name="[213]"></a>__rt_lib_init_stdio_1</STRONG> (Thumb, 0 bytes, Stack size unknown bytes, libinit2.o(.ARM.Collect$$libinit$$00000025))

<P><STRONG><a name="[214]"></a>__rt_lib_init_user_alloc_1</STRONG> (Thumb, 0 bytes, Stack size unknown bytes, libinit2.o(.ARM.Collect$$libinit$$0000000C))

<P><STRONG><a name="[43]"></a>__rt_lib_shutdown</STRONG> (Thumb, 0 bytes, Stack size unknown bytes, libshutdown.o(.ARM.Collect$$libshutdown$$00000000))
<BR><BR>[Called By]<UL><LI><a href="#[42]">&gt;&gt;</a>&nbsp;&nbsp;&nbsp;__rt_exit_ls
</UL>

<P><STRONG><a name="[215]"></a>__rt_lib_shutdown_cpp_1</STRONG> (Thumb, 0 bytes, Stack size unknown bytes, libshutdown2.o(.ARM.Collect$$libshutdown$$00000004))

<P><STRONG><a name="[216]"></a>__rt_lib_shutdown_fini_1</STRONG> (Thumb, 0 bytes, Stack size unknown bytes, libshutdown2.o(.ARM.Collect$$libshutdown$$00000002))

<P><STRONG><a name="[217]"></a>__rt_lib_shutdown_fp_trap_1</STRONG> (Thumb, 0 bytes, Stack size unknown bytes, libshutdown2.o(.ARM.Collect$$libshutdown$$00000009))

<P><STRONG><a name="[218]"></a>__rt_lib_shutdown_heap_1</STRONG> (Thumb, 0 bytes, Stack size unknown bytes, libshutdown2.o(.ARM.Collect$$libshutdown$$00000011))

<P><STRONG><a name="[219]"></a>__rt_lib_shutdown_return</STRONG> (Thumb, 0 bytes, Stack size unknown bytes, libshutdown2.o(.ARM.Collect$$libshutdown$$00000012))

<P><STRONG><a name="[21a]"></a>__rt_lib_shutdown_signal_1</STRONG> (Thumb, 0 bytes, Stack size unknown bytes, libshutdown2.o(.ARM.Collect$$libshutdown$$0000000C))

<P><STRONG><a name="[21b]"></a>__rt_lib_shutdown_stdio_1</STRONG> (Thumb, 0 bytes, Stack size unknown bytes, libshutdown2.o(.ARM.Collect$$libshutdown$$00000006))

<P><STRONG><a name="[21c]"></a>__rt_lib_shutdown_user_alloc_1</STRONG> (Thumb, 0 bytes, Stack size unknown bytes, libshutdown2.o(.ARM.Collect$$libshutdown$$0000000E))

<P><STRONG><a name="[33]"></a>__rt_entry</STRONG> (Thumb, 0 bytes, Stack size unknown bytes, __rtentry.o(.ARM.Collect$$rtentry$$00000000))
<BR><BR>[Called By]<UL><LI><a href="#[34]">&gt;&gt;</a>&nbsp;&nbsp;&nbsp;__scatterload_rt2
<LI><a href="#[30]">&gt;&gt;</a>&nbsp;&nbsp;&nbsp;__main
</UL>

<P><STRONG><a name="[21d]"></a>__rt_entry_presh_1</STRONG> (Thumb, 0 bytes, Stack size unknown bytes, __rtentry2.o(.ARM.Collect$$rtentry$$00000002))

<P><STRONG><a name="[3b]"></a>__rt_entry_sh</STRONG> (Thumb, 0 bytes, Stack size unknown bytes, __rtentry4.o(.ARM.Collect$$rtentry$$00000004))
<BR><BR>[Stack]<UL><LI>Max Depth = 8 + Unknown Stack Size
<LI>Call Chain = __rt_entry_sh &rArr; __user_setup_stackheap
</UL>
<BR>[Calls]<UL><LI><a href="#[3c]">&gt;&gt;</a>&nbsp;&nbsp;&nbsp;__user_setup_stackheap
</UL>

<P><STRONG><a name="[3d]"></a>__rt_entry_li</STRONG> (Thumb, 0 bytes, Stack size unknown bytes, __rtentry2.o(.ARM.Collect$$rtentry$$0000000A))
<BR><BR>[Calls]<UL><LI><a href="#[3e]">&gt;&gt;</a>&nbsp;&nbsp;&nbsp;__rt_lib_init
</UL>

<P><STRONG><a name="[21e]"></a>__rt_entry_postsh_1</STRONG> (Thumb, 0 bytes, Stack size unknown bytes, __rtentry2.o(.ARM.Collect$$rtentry$$00000009))

<P><STRONG><a name="[3f]"></a>__rt_entry_main</STRONG> (Thumb, 0 bytes, Stack size unknown bytes, __rtentry2.o(.ARM.Collect$$rtentry$$0000000D))
<BR><BR>[Stack]<UL><LI>Max Depth = 280 + Unknown Stack Size
<LI>Call Chain = __rt_entry_main &rArr; main &rArr; mote_main &rArr; openstack_init &rArr; schedule_init &rArr; schedule_startDAGroot &rArr; schedule_addActiveSlot &rArr; openserial_printLog &rArr; internal_openserial_print &rArr; outputHdlcClose &rArr; outputHdlcWrite &rArr; crcIteration
</UL>
<BR>[Calls]<UL><LI><a href="#[40]">&gt;&gt;</a>&nbsp;&nbsp;&nbsp;main
<LI><a href="#[41]">&gt;&gt;</a>&nbsp;&nbsp;&nbsp;exit
</UL>

<P><STRONG><a name="[21f]"></a>__rt_entry_postli_1</STRONG> (Thumb, 0 bytes, Stack size unknown bytes, __rtentry2.o(.ARM.Collect$$rtentry$$0000000C))

<P><STRONG><a name="[66]"></a>__rt_exit</STRONG> (Thumb, 0 bytes, Stack size unknown bytes, rtexit.o(.ARM.Collect$$rtexit$$00000000))
<BR><BR>[Called By]<UL><LI><a href="#[41]">&gt;&gt;</a>&nbsp;&nbsp;&nbsp;exit
</UL>

<P><STRONG><a name="[42]"></a>__rt_exit_ls</STRONG> (Thumb, 0 bytes, Stack size unknown bytes, rtexit2.o(.ARM.Collect$$rtexit$$00000003))
<BR><BR>[Calls]<UL><LI><a href="#[43]">&gt;&gt;</a>&nbsp;&nbsp;&nbsp;__rt_lib_shutdown
</UL>

<P><STRONG><a name="[220]"></a>__rt_exit_prels_1</STRONG> (Thumb, 0 bytes, Stack size unknown bytes, rtexit2.o(.ARM.Collect$$rtexit$$00000002))

<P><STRONG><a name="[44]"></a>__rt_exit_exit</STRONG> (Thumb, 0 bytes, Stack size unknown bytes, rtexit2.o(.ARM.Collect$$rtexit$$00000004))
<BR><BR>[Stack]<UL><LI>Max Depth = 128 + Unknown Stack Size
<LI>Call Chain = __rt_exit_exit &rArr; _sys_exit &rArr; __2printf &rArr; _printf_char_file &rArr; _printf_char_common &rArr; __printf
</UL>
<BR>[Calls]<UL><LI><a href="#[45]">&gt;&gt;</a>&nbsp;&nbsp;&nbsp;_sys_exit
</UL>

<P><STRONG><a name="[5b]"></a>__aeabi_memcpy4</STRONG> (Thumb, 56 bytes, Stack size 0 bytes, rt_memcpy.o(.emb_text))
<BR><BR>[Called By]<UL><LI><a href="#[142]">&gt;&gt;</a>&nbsp;&nbsp;&nbsp;scm3c_hw_interface_init
<LI><a href="#[6c]">&gt;&gt;</a>&nbsp;&nbsp;&nbsp;GPO_enables
<LI><a href="#[6a]">&gt;&gt;</a>&nbsp;&nbsp;&nbsp;GPI_enables
<LI><a href="#[c5]">&gt;&gt;</a>&nbsp;&nbsp;&nbsp;packetfunctions_duplicatePacket
<LI><a href="#[5a]">&gt;&gt;</a>&nbsp;&nbsp;&nbsp;__aeabi_memcpy
<LI><a href="#[105]">&gt;&gt;</a>&nbsp;&nbsp;&nbsp;forwarding_send_internal_SourceRouting
</UL>

<P><STRONG><a name="[221]"></a>__aeabi_memcpy8</STRONG> (Thumb, 0 bytes, Stack size 0 bytes, rt_memcpy.o(.emb_text), UNUSED)

<P><STRONG><a name="[2f]"></a>Reset_Handler</STRONG> (Thumb, 10 bytes, Stack size 0 bytes, cm0dsasm.o(.text))

<P><STRONG><a name="[6]"></a>UART_Handler</STRONG> (Thumb, 20 bytes, Stack size 0 bytes, cm0dsasm.o(.text))
<BR><BR>[Stack]<UL><LI>Max Depth = 8<LI>Call Chain = UART_Handler &rArr; uart_rx_isr
</UL>
<BR>[Calls]<UL><LI><a href="#[46]">&gt;&gt;</a>&nbsp;&nbsp;&nbsp;uart_rx_isr
</UL>
<BR>[Address Reference Count : 1]<UL><LI> cm0dsasm.o(RESET)
</UL>
<P><STRONG><a name="[9]"></a>ADC_Handler</STRONG> (Thumb, 20 bytes, Stack size 0 bytes, cm0dsasm.o(.text))
<BR><BR>[Stack]<UL><LI>Max Depth = 136 + Unknown Stack Size
<LI>Call Chain = ADC_Handler &rArr; adc_isr &rArr; __2printf &rArr; _printf_char_file &rArr; _printf_char_common &rArr; __printf
</UL>
<BR>[Calls]<UL><LI><a href="#[47]">&gt;&gt;</a>&nbsp;&nbsp;&nbsp;adc_isr
</UL>
<BR>[Address Reference Count : 1]<UL><LI> cm0dsasm.o(RESET)
</UL>
<P><STRONG><a name="[a]"></a>RF_Handler</STRONG> (Thumb, 20 bytes, Stack size 0 bytes, cm0dsasm.o(.text))
<BR><BR>[Stack]<UL><LI>Max Depth = 32<LI>Call Chain = RF_Handler &rArr; radio_isr
</UL>
<BR>[Calls]<UL><LI><a href="#[48]">&gt;&gt;</a>&nbsp;&nbsp;&nbsp;radio_isr
</UL>
<BR>[Address Reference Count : 1]<UL><LI> cm0dsasm.o(RESET)
</UL>
<P><STRONG><a name="[b]"></a>RFTIMER_Handler</STRONG> (Thumb, 20 bytes, Stack size 0 bytes, cm0dsasm.o(.text))
<BR><BR>[Stack]<UL><LI>Max Depth = 8<LI>Call Chain = RFTIMER_Handler &rArr; sctimer_isr
</UL>
<BR>[Calls]<UL><LI><a href="#[49]">&gt;&gt;</a>&nbsp;&nbsp;&nbsp;sctimer_isr
</UL>
<BR>[Address Reference Count : 1]<UL><LI> cm0dsasm.o(RESET)
</UL>
<P><STRONG><a name="[7]"></a>EXT_GPIO3_ACTIVEHIGH_DEBOUNCED_Handler</STRONG> (Thumb, 20 bytes, Stack size 0 bytes, cm0dsasm.o(.text))
<BR><BR>[Stack]<UL><LI>Max Depth = 136 + Unknown Stack Size
<LI>Call Chain = EXT_GPIO3_ACTIVEHIGH_DEBOUNCED_Handler &rArr; ext_gpio3_activehigh_debounced_isr &rArr; __2printf &rArr; _printf_char_file &rArr; _printf_char_common &rArr; __printf
</UL>
<BR>[Calls]<UL><LI><a href="#[4a]">&gt;&gt;</a>&nbsp;&nbsp;&nbsp;ext_gpio3_activehigh_debounced_isr
</UL>
<BR>[Address Reference Count : 1]<UL><LI> cm0dsasm.o(RESET)
</UL>
<P><STRONG><a name="[f]"></a>EXT_GPIO8_ACTIVEHIGH_Handler</STRONG> (Thumb, 20 bytes, Stack size 0 bytes, cm0dsasm.o(.text))
<BR><BR>[Stack]<UL><LI>Max Depth = 232 + Unknown Stack Size
<LI>Call Chain = EXT_GPIO8_ACTIVEHIGH_Handler &rArr; ext_gpio8_activehigh_isr &rArr; optical_sfd_isr &rArr; __2printf &rArr; _printf_char_file &rArr; _printf_char_common &rArr; __printf
</UL>
<BR>[Calls]<UL><LI><a href="#[4b]">&gt;&gt;</a>&nbsp;&nbsp;&nbsp;ext_gpio8_activehigh_isr
</UL>
<BR>[Address Reference Count : 1]<UL><LI> cm0dsasm.o(RESET)
</UL>
<P><STRONG><a name="[10]"></a>EXT_GPIO9_ACTIVELOW_Handler</STRONG> (Thumb, 20 bytes, Stack size 0 bytes, cm0dsasm.o(.text))
<BR><BR>[Stack]<UL><LI>Max Depth = 136 + Unknown Stack Size
<LI>Call Chain = EXT_GPIO9_ACTIVELOW_Handler &rArr; ext_gpio9_activelow_isr &rArr; __2printf &rArr; _printf_char_file &rArr; _printf_char_common &rArr; __printf
</UL>
<BR>[Calls]<UL><LI><a href="#[4c]">&gt;&gt;</a>&nbsp;&nbsp;&nbsp;ext_gpio9_activelow_isr
</UL>
<BR>[Address Reference Count : 1]<UL><LI> cm0dsasm.o(RESET)
</UL>
<P><STRONG><a name="[11]"></a>EXT_GPIO10_ACTIVELOW</STRONG> (Thumb, 20 bytes, Stack size 0 bytes, cm0dsasm.o(.text))
<BR><BR>[Stack]<UL><LI>Max Depth = 136 + Unknown Stack Size
<LI>Call Chain = EXT_GPIO10_ACTIVELOW &rArr; ext_gpio10_activelow_isr &rArr; __2printf &rArr; _printf_char_file &rArr; _printf_char_common &rArr; __printf
</UL>
<BR>[Calls]<UL><LI><a href="#[4d]">&gt;&gt;</a>&nbsp;&nbsp;&nbsp;ext_gpio10_activelow_isr
</UL>
<BR>[Address Reference Count : 1]<UL><LI> cm0dsasm.o(RESET)
</UL>
<P><STRONG><a name="[c]"></a>RAWCHIPS_STARTVAL_Handler</STRONG> (Thumb, 20 bytes, Stack size 0 bytes, cm0dsasm.o(.text))
<BR><BR>[Stack]<UL><LI>Max Depth = 8<LI>Call Chain = RAWCHIPS_STARTVAL_Handler &rArr; rawchips_startval_isr
</UL>
<BR>[Calls]<UL><LI><a href="#[4e]">&gt;&gt;</a>&nbsp;&nbsp;&nbsp;rawchips_startval_isr
</UL>
<BR>[Address Reference Count : 1]<UL><LI> cm0dsasm.o(RESET)
</UL>
<P><STRONG><a name="[d]"></a>RAWCHIPS_32_Handler</STRONG> (Thumb, 20 bytes, Stack size 0 bytes, cm0dsasm.o(.text))
<BR><BR>[Stack]<UL><LI>Max Depth = 144 + Unknown Stack Size
<LI>Call Chain = RAWCHIPS_32_Handler &rArr; rawchips_32_isr &rArr; __2printf &rArr; _printf_char_file &rArr; _printf_char_common &rArr; __printf
</UL>
<BR>[Calls]<UL><LI><a href="#[4f]">&gt;&gt;</a>&nbsp;&nbsp;&nbsp;rawchips_32_isr
</UL>
<BR>[Address Reference Count : 1]<UL><LI> cm0dsasm.o(RESET)
</UL>
<P><STRONG><a name="[8]"></a>EXT_OPTICAL_IRQ_IN_Handler</STRONG> (Thumb, 20 bytes, Stack size 0 bytes, cm0dsasm.o(.text))
<BR><BR>[Calls]<UL><LI><a href="#[50]">&gt;&gt;</a>&nbsp;&nbsp;&nbsp;optical_32_isr
</UL>
<BR>[Address Reference Count : 1]<UL><LI> cm0dsasm.o(RESET)
</UL>
<P><STRONG><a name="[e]"></a>OPTICAL_SFD_Handler</STRONG> (Thumb, 20 bytes, Stack size 0 bytes, cm0dsasm.o(.text))
<BR><BR>[Stack]<UL><LI>Max Depth = 224 + Unknown Stack Size
<LI>Call Chain = OPTICAL_SFD_Handler &rArr; optical_sfd_isr &rArr; __2printf &rArr; _printf_char_file &rArr; _printf_char_common &rArr; __printf
</UL>
<BR>[Calls]<UL><LI><a href="#[51]">&gt;&gt;</a>&nbsp;&nbsp;&nbsp;optical_sfd_isr
</UL>
<BR>[Address Reference Count : 1]<UL><LI> cm0dsasm.o(RESET)
</UL>
<P><STRONG><a name="[31]"></a>__user_initial_stackheap</STRONG> (Thumb, 0 bytes, Stack size unknown bytes, cm0dsasm.o(.text))
<BR><BR>[Called By]<UL><LI><a href="#[3c]">&gt;&gt;</a>&nbsp;&nbsp;&nbsp;__user_setup_stackheap
</UL>

<P><STRONG><a name="[222]"></a>__use_no_semihosting</STRONG> (Thumb, 2 bytes, Stack size 0 bytes, use_no_semi_2.o(.text), UNUSED)

<P><STRONG><a name="[52]"></a>__2printf</STRONG> (Thumb, 22 bytes, Stack size 24 bytes, noretval__2printf.o(.text))
<BR><BR>[Stack]<UL><LI>Max Depth = 128 + Unknown Stack Size
<LI>Call Chain = __2printf &rArr; _printf_char_file &rArr; _printf_char_common &rArr; __printf
</UL>
<BR>[Calls]<UL><LI><a href="#[53]">&gt;&gt;</a>&nbsp;&nbsp;&nbsp;_printf_char_file
</UL>
<BR>[Called By]<UL><LI><a href="#[dd]">&gt;&gt;</a>&nbsp;&nbsp;&nbsp;radio_init
<LI><a href="#[4f]">&gt;&gt;</a>&nbsp;&nbsp;&nbsp;rawchips_32_isr
<LI><a href="#[51]">&gt;&gt;</a>&nbsp;&nbsp;&nbsp;optical_sfd_isr
<LI><a href="#[4c]">&gt;&gt;</a>&nbsp;&nbsp;&nbsp;ext_gpio9_activelow_isr
<LI><a href="#[4a]">&gt;&gt;</a>&nbsp;&nbsp;&nbsp;ext_gpio3_activehigh_debounced_isr
<LI><a href="#[4d]">&gt;&gt;</a>&nbsp;&nbsp;&nbsp;ext_gpio10_activelow_isr
<LI><a href="#[47]">&gt;&gt;</a>&nbsp;&nbsp;&nbsp;adc_isr
<LI><a href="#[d6]">&gt;&gt;</a>&nbsp;&nbsp;&nbsp;board_init
<LI><a href="#[45]">&gt;&gt;</a>&nbsp;&nbsp;&nbsp;_sys_exit
<LI><a href="#[1f7]">&gt;&gt;</a>&nbsp;&nbsp;&nbsp;sixtop_six2six_sendDone
<LI><a href="#[1ea]">&gt;&gt;</a>&nbsp;&nbsp;&nbsp;sixtop_six2six_notifyReceive
<LI><a href="#[1e5]">&gt;&gt;</a>&nbsp;&nbsp;&nbsp;sixtop_addCells
<LI><a href="#[17d]">&gt;&gt;</a>&nbsp;&nbsp;&nbsp;sixtop_request
<LI><a href="#[91]">&gt;&gt;</a>&nbsp;&nbsp;&nbsp;synchronizePacket
<LI><a href="#[ce]">&gt;&gt;</a>&nbsp;&nbsp;&nbsp;activity_ti9
<LI><a href="#[ae]">&gt;&gt;</a>&nbsp;&nbsp;&nbsp;activity_ti1ORri1
<LI><a href="#[126]">&gt;&gt;</a>&nbsp;&nbsp;&nbsp;sendDAO
</UL>

<P><STRONG><a name="[54]"></a>__printf</STRONG> (Thumb, 108 bytes, Stack size 24 bytes, __printf.o(.text))
<BR><BR>[Stack]<UL><LI>Max Depth = 24 + Unknown Stack Size
<LI>Call Chain = __printf
</UL>
<BR>[Calls]<UL><LI><a href="#[55]">&gt;&gt;</a>&nbsp;&nbsp;&nbsp;_printf_percent
</UL>
<BR>[Called By]<UL><LI><a href="#[62]">&gt;&gt;</a>&nbsp;&nbsp;&nbsp;_printf_char_common
</UL>

<P><STRONG><a name="[38]"></a>_printf_int_dec</STRONG> (Thumb, 90 bytes, Stack size 32 bytes, _printf_dec.o(.text))
<BR><BR>[Stack]<UL><LI>Max Depth = 72<LI>Call Chain = _printf_int_dec &rArr; _printf_int_common
</UL>
<BR>[Calls]<UL><LI><a href="#[58]">&gt;&gt;</a>&nbsp;&nbsp;&nbsp;__rt_udiv10
<LI><a href="#[59]">&gt;&gt;</a>&nbsp;&nbsp;&nbsp;_printf_int_common
<LI><a href="#[57]">&gt;&gt;</a>&nbsp;&nbsp;&nbsp;_printf_truncate_unsigned (Weak Reference)
<LI><a href="#[56]">&gt;&gt;</a>&nbsp;&nbsp;&nbsp;_printf_truncate_signed (Weak Reference)
</UL>
<BR>[Called By]<UL><LI><a href="#[36]">&gt;&gt;</a>&nbsp;&nbsp;&nbsp;_printf_d
</UL>

<P><STRONG><a name="[3a]"></a>_printf_int_hex</STRONG> (Thumb, 84 bytes, Stack size 16 bytes, _printf_hex_int.o(.text))
<BR><BR>[Stack]<UL><LI>Max Depth = 56<LI>Call Chain = _printf_int_hex &rArr; _printf_int_common
</UL>
<BR>[Calls]<UL><LI><a href="#[59]">&gt;&gt;</a>&nbsp;&nbsp;&nbsp;_printf_int_common
<LI><a href="#[57]">&gt;&gt;</a>&nbsp;&nbsp;&nbsp;_printf_truncate_unsigned (Weak Reference)
</UL>
<BR>[Called By]<UL><LI><a href="#[37]">&gt;&gt;</a>&nbsp;&nbsp;&nbsp;_printf_x
</UL>

<P><STRONG><a name="[223]"></a>_printf_longlong_hex</STRONG> (Thumb, 0 bytes, Stack size 16 bytes, _printf_hex_int.o(.text), UNUSED)

<P><STRONG><a name="[1c4]"></a>memcmp</STRONG> (Thumb, 90 bytes, Stack size 8 bytes, memcmp.o(.text))
<BR><BR>[Stack]<UL><LI>Max Depth = 8<LI>Call Chain = memcmp
</UL>
<BR>[Called By]<UL><LI><a href="#[8a]">&gt;&gt;</a>&nbsp;&nbsp;&nbsp;packetfunctions_sameAddress
</UL>

<P><STRONG><a name="[5a]"></a>__aeabi_memcpy</STRONG> (Thumb, 130 bytes, Stack size 24 bytes, rt_memcpy.o(.text))
<BR><BR>[Stack]<UL><LI>Max Depth = 24<LI>Call Chain = __aeabi_memcpy
</UL>
<BR>[Calls]<UL><LI><a href="#[5b]">&gt;&gt;</a>&nbsp;&nbsp;&nbsp;__aeabi_memcpy4
</UL>
<BR>[Called By]<UL><LI><a href="#[98]">&gt;&gt;</a>&nbsp;&nbsp;&nbsp;radio_loadPacket
<LI><a href="#[82]">&gt;&gt;</a>&nbsp;&nbsp;&nbsp;radio_getReceivedFrame
<LI><a href="#[de]">&gt;&gt;</a>&nbsp;&nbsp;&nbsp;eui64_get
<LI><a href="#[6f]">&gt;&gt;</a>&nbsp;&nbsp;&nbsp;IEEE802154_security_setDataKey
<LI><a href="#[6e]">&gt;&gt;</a>&nbsp;&nbsp;&nbsp;IEEE802154_security_setBeaconKey
<LI><a href="#[134]">&gt;&gt;</a>&nbsp;&nbsp;&nbsp;ieee154e_init
<LI><a href="#[121]">&gt;&gt;</a>&nbsp;&nbsp;&nbsp;icmpv6rpl_init
<LI><a href="#[199]">&gt;&gt;</a>&nbsp;&nbsp;&nbsp;openbridge_triggerData
<LI><a href="#[132]">&gt;&gt;</a>&nbsp;&nbsp;&nbsp;idmanager_triggerAboutRoot
<LI><a href="#[f7]">&gt;&gt;</a>&nbsp;&nbsp;&nbsp;debugPrint_schedule
<LI><a href="#[f4]">&gt;&gt;</a>&nbsp;&nbsp;&nbsp;debugPrint_neighbors
<LI><a href="#[ed]">&gt;&gt;</a>&nbsp;&nbsp;&nbsp;debugPrint_id
<LI><a href="#[133]">&gt;&gt;</a>&nbsp;&nbsp;&nbsp;openserial_getInputBuffer
<LI><a href="#[156]">&gt;&gt;</a>&nbsp;&nbsp;&nbsp;openbridge_receive
<LI><a href="#[100]">&gt;&gt;</a>&nbsp;&nbsp;&nbsp;forwarding_receive
<LI><a href="#[110]">&gt;&gt;</a>&nbsp;&nbsp;&nbsp;iphc_sendFromForwarding
<LI><a href="#[158]">&gt;&gt;</a>&nbsp;&nbsp;&nbsp;iphc_retrieveIphcHeader
<LI><a href="#[157]">&gt;&gt;</a>&nbsp;&nbsp;&nbsp;packetfunctions_mac64bToIp128b
<LI><a href="#[1c2]">&gt;&gt;</a>&nbsp;&nbsp;&nbsp;packetfunctions_calculateChecksum
<LI><a href="#[12d]">&gt;&gt;</a>&nbsp;&nbsp;&nbsp;openqueue_updateNextHopPayload
<LI><a href="#[11c]">&gt;&gt;</a>&nbsp;&nbsp;&nbsp;icmpv6rpl_writeDODAGid
<LI><a href="#[11d]">&gt;&gt;</a>&nbsp;&nbsp;&nbsp;idmanager_setMyID
<LI><a href="#[1ea]">&gt;&gt;</a>&nbsp;&nbsp;&nbsp;sixtop_six2six_notifyReceive
<LI><a href="#[1f1]">&gt;&gt;</a>&nbsp;&nbsp;&nbsp;sixtop_sendKA
<LI><a href="#[1eb]">&gt;&gt;</a>&nbsp;&nbsp;&nbsp;sixtop_removeCells
<LI><a href="#[1e5]">&gt;&gt;</a>&nbsp;&nbsp;&nbsp;sixtop_addCells
<LI><a href="#[17d]">&gt;&gt;</a>&nbsp;&nbsp;&nbsp;sixtop_request
<LI><a href="#[17c]">&gt;&gt;</a>&nbsp;&nbsp;&nbsp;schedule_hasNegotiatedTxCellToNonParent
<LI><a href="#[107]">&gt;&gt;</a>&nbsp;&nbsp;&nbsp;packetfunctions_ip128bToMac64b
<LI><a href="#[18d]">&gt;&gt;</a>&nbsp;&nbsp;&nbsp;registerNewNeighbor
<LI><a href="#[18e]">&gt;&gt;</a>&nbsp;&nbsp;&nbsp;neighbors_indicateTx
<LI><a href="#[18c]">&gt;&gt;</a>&nbsp;&nbsp;&nbsp;neighbors_indicateRx
<LI><a href="#[11a]">&gt;&gt;</a>&nbsp;&nbsp;&nbsp;neighbors_getNeighborEui64
<LI><a href="#[fb]">&gt;&gt;</a>&nbsp;&nbsp;&nbsp;schedule_removeActiveSlot
<LI><a href="#[c9]">&gt;&gt;</a>&nbsp;&nbsp;&nbsp;schedule_indicateTx
<LI><a href="#[197]">&gt;&gt;</a>&nbsp;&nbsp;&nbsp;schedule_indicateRx
<LI><a href="#[f8]">&gt;&gt;</a>&nbsp;&nbsp;&nbsp;schedule_getSlotInfo
<LI><a href="#[b8]">&gt;&gt;</a>&nbsp;&nbsp;&nbsp;schedule_getNeighbor
<LI><a href="#[167]">&gt;&gt;</a>&nbsp;&nbsp;&nbsp;schedule_addActiveSlot
<LI><a href="#[101]">&gt;&gt;</a>&nbsp;&nbsp;&nbsp;idmanager_isMyAddress
<LI><a href="#[ca]">&gt;&gt;</a>&nbsp;&nbsp;&nbsp;notif_sendDone
<LI><a href="#[92]">&gt;&gt;</a>&nbsp;&nbsp;&nbsp;notif_receive
<LI><a href="#[ce]">&gt;&gt;</a>&nbsp;&nbsp;&nbsp;activity_ti9
<LI><a href="#[ae]">&gt;&gt;</a>&nbsp;&nbsp;&nbsp;activity_ti1ORri1
<LI><a href="#[a3]">&gt;&gt;</a>&nbsp;&nbsp;&nbsp;activity_synchronize_endOfFrame
<LI><a href="#[7d]">&gt;&gt;</a>&nbsp;&nbsp;&nbsp;activity_ri5
<LI><a href="#[127]">&gt;&gt;</a>&nbsp;&nbsp;&nbsp;sendDIO
<LI><a href="#[126]">&gt;&gt;</a>&nbsp;&nbsp;&nbsp;sendDAO
<LI><a href="#[11b]">&gt;&gt;</a>&nbsp;&nbsp;&nbsp;icmpv6rpl_indicateRxDIO
<LI><a href="#[111]">&gt;&gt;</a>&nbsp;&nbsp;&nbsp;icmpv6rpl_getRPLDODAGid
<LI><a href="#[105]">&gt;&gt;</a>&nbsp;&nbsp;&nbsp;forwarding_send_internal_SourceRouting
<LI><a href="#[106]">&gt;&gt;</a>&nbsp;&nbsp;&nbsp;forwarding_send
</UL>

<P><STRONG><a name="[224]"></a>__rt_memcpy</STRONG> (Thumb, 0 bytes, Stack size 24 bytes, rt_memcpy.o(.text), UNUSED)

<P><STRONG><a name="[5d]"></a>_memset_w</STRONG> (Thumb, 26 bytes, Stack size 0 bytes, rt_memclr.o(.text))
<BR><BR>[Called By]<UL><LI><a href="#[5f]">&gt;&gt;</a>&nbsp;&nbsp;&nbsp;__rt_memclr_w
<LI><a href="#[5c]">&gt;&gt;</a>&nbsp;&nbsp;&nbsp;_memset
</UL>

<P><STRONG><a name="[5c]"></a>_memset</STRONG> (Thumb, 30 bytes, Stack size 0 bytes, rt_memclr.o(.text))
<BR><BR>[Calls]<UL><LI><a href="#[5d]">&gt;&gt;</a>&nbsp;&nbsp;&nbsp;_memset_w
</UL>
<BR>[Called By]<UL><LI><a href="#[5e]">&gt;&gt;</a>&nbsp;&nbsp;&nbsp;__aeabi_memclr
</UL>

<P><STRONG><a name="[5e]"></a>__aeabi_memclr</STRONG> (Thumb, 4 bytes, Stack size 0 bytes, rt_memclr.o(.text))
<BR><BR>[Calls]<UL><LI><a href="#[5c]">&gt;&gt;</a>&nbsp;&nbsp;&nbsp;_memset
</UL>
<BR>[Called By]<UL><LI><a href="#[6d]">&gt;&gt;</a>&nbsp;&nbsp;&nbsp;IEEE802154_security_init
<LI><a href="#[18f]">&gt;&gt;</a>&nbsp;&nbsp;&nbsp;neighbors_init
<LI><a href="#[182]">&gt;&gt;</a>&nbsp;&nbsp;&nbsp;msf_init
<LI><a href="#[12e]">&gt;&gt;</a>&nbsp;&nbsp;&nbsp;idmanager_init
<LI><a href="#[1a4]">&gt;&gt;</a>&nbsp;&nbsp;&nbsp;openserial_init
<LI><a href="#[158]">&gt;&gt;</a>&nbsp;&nbsp;&nbsp;iphc_retrieveIphcHeader
<LI><a href="#[155]">&gt;&gt;</a>&nbsp;&nbsp;&nbsp;iphc_retrieveIPv6Header
<LI><a href="#[1ea]">&gt;&gt;</a>&nbsp;&nbsp;&nbsp;sixtop_six2six_notifyReceive
<LI><a href="#[175]">&gt;&gt;</a>&nbsp;&nbsp;&nbsp;msf_candidateAddCellList
<LI><a href="#[1dd]">&gt;&gt;</a>&nbsp;&nbsp;&nbsp;schedule_resetEntry
<LI><a href="#[1de]">&gt;&gt;</a>&nbsp;&nbsp;&nbsp;schedule_resetBackupEntry
<LI><a href="#[fb]">&gt;&gt;</a>&nbsp;&nbsp;&nbsp;schedule_removeActiveSlot
<LI><a href="#[f8]">&gt;&gt;</a>&nbsp;&nbsp;&nbsp;schedule_getSlotInfo
<LI><a href="#[167]">&gt;&gt;</a>&nbsp;&nbsp;&nbsp;schedule_addActiveSlot
</UL>

<P><STRONG><a name="[225]"></a>__rt_memclr</STRONG> (Thumb, 0 bytes, Stack size 0 bytes, rt_memclr.o(.text), UNUSED)

<P><STRONG><a name="[10b]"></a>__aeabi_memclr4</STRONG> (Thumb, 0 bytes, Stack size 0 bytes, rt_memclr.o(.text))
<BR><BR>[Called By]<UL><LI><a href="#[dd]">&gt;&gt;</a>&nbsp;&nbsp;&nbsp;radio_init
<LI><a href="#[172]">&gt;&gt;</a>&nbsp;&nbsp;&nbsp;scheduler_init
<LI><a href="#[1a8]">&gt;&gt;</a>&nbsp;&nbsp;&nbsp;opentimers_init
<LI><a href="#[142]">&gt;&gt;</a>&nbsp;&nbsp;&nbsp;scm3c_hw_interface_init
<LI><a href="#[143]">&gt;&gt;</a>&nbsp;&nbsp;&nbsp;optical_init
<LI><a href="#[1a9]">&gt;&gt;</a>&nbsp;&nbsp;&nbsp;schedule_init
<LI><a href="#[182]">&gt;&gt;</a>&nbsp;&nbsp;&nbsp;msf_init
<LI><a href="#[134]">&gt;&gt;</a>&nbsp;&nbsp;&nbsp;ieee154e_init
<LI><a href="#[121]">&gt;&gt;</a>&nbsp;&nbsp;&nbsp;icmpv6rpl_init
<LI><a href="#[110]">&gt;&gt;</a>&nbsp;&nbsp;&nbsp;iphc_sendFromForwarding
<LI><a href="#[154]">&gt;&gt;</a>&nbsp;&nbsp;&nbsp;iphc_receive
<LI><a href="#[1f8]">&gt;&gt;</a>&nbsp;&nbsp;&nbsp;timer_sixtop_six2six_timeout_fired
<LI><a href="#[1ea]">&gt;&gt;</a>&nbsp;&nbsp;&nbsp;sixtop_six2six_notifyReceive
<LI><a href="#[1ef]">&gt;&gt;</a>&nbsp;&nbsp;&nbsp;sixtop_sendEB
<LI><a href="#[1e6]">&gt;&gt;</a>&nbsp;&nbsp;&nbsp;sixtop_areAvailableCellsToBeRemoved
<LI><a href="#[17a]">&gt;&gt;</a>&nbsp;&nbsp;&nbsp;msf_housekeeping
<LI><a href="#[131]">&gt;&gt;</a>&nbsp;&nbsp;&nbsp;schedule_startDAGroot
<LI><a href="#[138]">&gt;&gt;</a>&nbsp;&nbsp;&nbsp;isValidEbFormat
<LI><a href="#[127]">&gt;&gt;</a>&nbsp;&nbsp;&nbsp;sendDIO
<LI><a href="#[126]">&gt;&gt;</a>&nbsp;&nbsp;&nbsp;sendDAO
<LI><a href="#[105]">&gt;&gt;</a>&nbsp;&nbsp;&nbsp;forwarding_send_internal_SourceRouting
<LI><a href="#[106]">&gt;&gt;</a>&nbsp;&nbsp;&nbsp;forwarding_send
</UL>

<P><STRONG><a name="[226]"></a>__aeabi_memclr8</STRONG> (Thumb, 0 bytes, Stack size 0 bytes, rt_memclr.o(.text), UNUSED)

<P><STRONG><a name="[5f]"></a>__rt_memclr_w</STRONG> (Thumb, 4 bytes, Stack size 0 bytes, rt_memclr.o(.text), UNUSED)
<BR><BR>[Calls]<UL><LI><a href="#[5d]">&gt;&gt;</a>&nbsp;&nbsp;&nbsp;_memset_w
</UL>

<P><STRONG><a name="[a8]"></a>__aeabi_uread4</STRONG> (Thumb, 22 bytes, Stack size 0 bytes, uread4.o(.text))
<BR><BR>[Called By]<UL><LI><a href="#[81]">&gt;&gt;</a>&nbsp;&nbsp;&nbsp;endSlot
<LI><a href="#[a6]">&gt;&gt;</a>&nbsp;&nbsp;&nbsp;activity_synchronize_newSlot
</UL>

<P><STRONG><a name="[227]"></a>__rt_uread4</STRONG> (Thumb, 0 bytes, Stack size 0 bytes, uread4.o(.text), UNUSED)

<P><STRONG><a name="[a9]"></a>__aeabi_uwrite4</STRONG> (Thumb, 16 bytes, Stack size 0 bytes, uwrite4.o(.text))
<BR><BR>[Called By]<UL><LI><a href="#[121]">&gt;&gt;</a>&nbsp;&nbsp;&nbsp;icmpv6rpl_init
<LI><a href="#[e2]">&gt;&gt;</a>&nbsp;&nbsp;&nbsp;resetStats
<LI><a href="#[81]">&gt;&gt;</a>&nbsp;&nbsp;&nbsp;endSlot
<LI><a href="#[a6]">&gt;&gt;</a>&nbsp;&nbsp;&nbsp;activity_synchronize_newSlot
</UL>

<P><STRONG><a name="[228]"></a>__rt_uwrite4</STRONG> (Thumb, 0 bytes, Stack size 0 bytes, uwrite4.o(.text), UNUSED)

<P><STRONG><a name="[229]"></a>__aeabi_uidiv</STRONG> (Thumb, 0 bytes, Stack size 0 bytes, aeabi_sdiv.o(.text), UNUSED)

<P><STRONG><a name="[13b]"></a>__aeabi_uidivmod</STRONG> (Thumb, 20 bytes, Stack size 0 bytes, aeabi_sdiv.o(.text))
<BR><BR>[Called By]<UL><LI><a href="#[123]">&gt;&gt;</a>&nbsp;&nbsp;&nbsp;opentimers_scheduleIn
<LI><a href="#[76]">&gt;&gt;</a>&nbsp;&nbsp;&nbsp;opentimers_scheduleAbsolute
<LI><a href="#[129]">&gt;&gt;</a>&nbsp;&nbsp;&nbsp;neighbors_getLinkMetric
<LI><a href="#[139]">&gt;&gt;</a>&nbsp;&nbsp;&nbsp;ieee154e_syncSlotOffset
</UL>

<P><STRONG><a name="[22a]"></a>__aeabi_idiv</STRONG> (Thumb, 0 bytes, Stack size 8 bytes, aeabi_sdiv.o(.text), UNUSED)

<P><STRONG><a name="[73]"></a>__aeabi_idivmod</STRONG> (Thumb, 326 bytes, Stack size 8 bytes, aeabi_sdiv.o(.text))
<BR><BR>[Stack]<UL><LI>Max Depth = 8<LI>Call Chain = __aeabi_idivmod
</UL>
<BR>[Called By]<UL><LI><a href="#[72]">&gt;&gt;</a>&nbsp;&nbsp;&nbsp;LC_monotonic
<LI><a href="#[f7]">&gt;&gt;</a>&nbsp;&nbsp;&nbsp;debugPrint_schedule
<LI><a href="#[f4]">&gt;&gt;</a>&nbsp;&nbsp;&nbsp;debugPrint_neighbors
<LI><a href="#[1e8]">&gt;&gt;</a>&nbsp;&nbsp;&nbsp;timer_sixtop_management_fired
<LI><a href="#[179]">&gt;&gt;</a>&nbsp;&nbsp;&nbsp;msf_hashFunction_getSlotoffset
<LI><a href="#[20]">&gt;&gt;</a>&nbsp;&nbsp;&nbsp;msf_handleRCError
<LI><a href="#[175]">&gt;&gt;</a>&nbsp;&nbsp;&nbsp;msf_candidateAddCellList
<LI><a href="#[181]">&gt;&gt;</a>&nbsp;&nbsp;&nbsp;schedule_getCellsToBeRelocated
<LI><a href="#[196]">&gt;&gt;</a>&nbsp;&nbsp;&nbsp;neighbors_updateBackoff
<LI><a href="#[c9]">&gt;&gt;</a>&nbsp;&nbsp;&nbsp;schedule_indicateTx
<LI><a href="#[af]">&gt;&gt;</a>&nbsp;&nbsp;&nbsp;incrementAsnOffset
</UL>

<P><STRONG><a name="[22b]"></a>__use_two_region_memory</STRONG> (Thumb, 2 bytes, Stack size 0 bytes, heapauxi.o(.text), UNUSED)

<P><STRONG><a name="[22c]"></a>__rt_heap_escrow$2region</STRONG> (Thumb, 2 bytes, Stack size 0 bytes, heapauxi.o(.text), UNUSED)

<P><STRONG><a name="[22d]"></a>__rt_heap_expand$2region</STRONG> (Thumb, 2 bytes, Stack size 0 bytes, heapauxi.o(.text), UNUSED)

<P><STRONG><a name="[22e]"></a>__I$use$semihosting</STRONG> (Thumb, 0 bytes, Stack size 0 bytes, use_no_semi.o(.text), UNUSED)

<P><STRONG><a name="[22f]"></a>__use_no_semihosting_swi</STRONG> (Thumb, 2 bytes, Stack size 0 bytes, use_no_semi.o(.text), UNUSED)

<P><STRONG><a name="[59]"></a>_printf_int_common</STRONG> (Thumb, 176 bytes, Stack size 40 bytes, _printf_intcommon.o(.text))
<BR><BR>[Stack]<UL><LI>Max Depth = 40<LI>Call Chain = _printf_int_common
</UL>
<BR>[Calls]<UL><LI><a href="#[60]">&gt;&gt;</a>&nbsp;&nbsp;&nbsp;_printf_pre_padding (Weak Reference)
<LI><a href="#[61]">&gt;&gt;</a>&nbsp;&nbsp;&nbsp;_printf_post_padding (Weak Reference)
</UL>
<BR>[Called By]<UL><LI><a href="#[3a]">&gt;&gt;</a>&nbsp;&nbsp;&nbsp;_printf_int_hex
<LI><a href="#[38]">&gt;&gt;</a>&nbsp;&nbsp;&nbsp;_printf_int_dec
</UL>

<P><STRONG><a name="[53]"></a>_printf_char_file</STRONG> (Thumb, 34 bytes, Stack size 16 bytes, _printf_char_file.o(.text))
<BR><BR>[Stack]<UL><LI>Max Depth = 104 + Unknown Stack Size
<LI>Call Chain = _printf_char_file &rArr; _printf_char_common &rArr; __printf
</UL>
<BR>[Calls]<UL><LI><a href="#[63]">&gt;&gt;</a>&nbsp;&nbsp;&nbsp;ferror
<LI><a href="#[62]">&gt;&gt;</a>&nbsp;&nbsp;&nbsp;_printf_char_common
</UL>
<BR>[Called By]<UL><LI><a href="#[52]">&gt;&gt;</a>&nbsp;&nbsp;&nbsp;__2printf
</UL>

<P><STRONG><a name="[58]"></a>__rt_udiv10</STRONG> (Thumb, 40 bytes, Stack size 0 bytes, rtudiv10.o(.text))
<BR><BR>[Called By]<UL><LI><a href="#[38]">&gt;&gt;</a>&nbsp;&nbsp;&nbsp;_printf_int_dec
</UL>

<P><STRONG><a name="[62]"></a>_printf_char_common</STRONG> (Thumb, 32 bytes, Stack size 64 bytes, _printf_char_common.o(.text))
<BR><BR>[Stack]<UL><LI>Max Depth = 88 + Unknown Stack Size
<LI>Call Chain = _printf_char_common &rArr; __printf
</UL>
<BR>[Calls]<UL><LI><a href="#[54]">&gt;&gt;</a>&nbsp;&nbsp;&nbsp;__printf
</UL>
<BR>[Called By]<UL><LI><a href="#[53]">&gt;&gt;</a>&nbsp;&nbsp;&nbsp;_printf_char_file
</UL>

<P><STRONG><a name="[3c]"></a>__user_setup_stackheap</STRONG> (Thumb, 62 bytes, Stack size 8 bytes, sys_stackheap_outer.o(.text))
<BR><BR>[Stack]<UL><LI>Max Depth = 8 + Unknown Stack Size
<LI>Call Chain = __user_setup_stackheap
</UL>
<BR>[Calls]<UL><LI><a href="#[31]">&gt;&gt;</a>&nbsp;&nbsp;&nbsp;__user_initial_stackheap
<LI><a href="#[64]">&gt;&gt;</a>&nbsp;&nbsp;&nbsp;__user_perproc_libspace
</UL>
<BR>[Called By]<UL><LI><a href="#[3b]">&gt;&gt;</a>&nbsp;&nbsp;&nbsp;__rt_entry_sh
</UL>

<P><STRONG><a name="[41]"></a>exit</STRONG> (Thumb, 16 bytes, Stack size 8 bytes, exit.o(.text))
<BR><BR>[Stack]<UL><LI>Max Depth = 8 + Unknown Stack Size
<LI>Call Chain = exit
</UL>
<BR>[Calls]<UL><LI><a href="#[66]">&gt;&gt;</a>&nbsp;&nbsp;&nbsp;__rt_exit
<LI><a href="#[65]">&gt;&gt;</a>&nbsp;&nbsp;&nbsp;_call_atexit_fns (Weak Reference)
</UL>
<BR>[Called By]<UL><LI><a href="#[3f]">&gt;&gt;</a>&nbsp;&nbsp;&nbsp;__rt_entry_main
</UL>

<P><STRONG><a name="[230]"></a>__user_libspace</STRONG> (Thumb, 8 bytes, Stack size 0 bytes, libspace.o(.text), UNUSED)

<P><STRONG><a name="[64]"></a>__user_perproc_libspace</STRONG> (Thumb, 0 bytes, Stack size 0 bytes, libspace.o(.text))
<BR><BR>[Called By]<UL><LI><a href="#[3c]">&gt;&gt;</a>&nbsp;&nbsp;&nbsp;__user_setup_stackheap
</UL>

<P><STRONG><a name="[231]"></a>__user_perthread_libspace</STRONG> (Thumb, 0 bytes, Stack size 0 bytes, libspace.o(.text), UNUSED)

<P><STRONG><a name="[67]"></a>GPI_control</STRONG> (Thumb, 182 bytes, Stack size 36 bytes, scm3c_hw_interface.o(i.GPI_control))
<BR><BR>[Stack]<UL><LI>Max Depth = 44<LI>Call Chain = GPI_control &rArr; set_asc_bit
</UL>
<BR>[Calls]<UL><LI><a href="#[68]">&gt;&gt;</a>&nbsp;&nbsp;&nbsp;set_asc_bit
<LI><a href="#[69]">&gt;&gt;</a>&nbsp;&nbsp;&nbsp;clear_asc_bit
</UL>
<BR>[Called By]<UL><LI><a href="#[d7]">&gt;&gt;</a>&nbsp;&nbsp;&nbsp;initialize_mote
</UL>

<P><STRONG><a name="[6a]"></a>GPI_enables</STRONG> (Thumb, 64 bytes, Stack size 48 bytes, scm3c_hw_interface.o(i.GPI_enables))
<BR><BR>[Stack]<UL><LI>Max Depth = 56<LI>Call Chain = GPI_enables &rArr; set_asc_bit
</UL>
<BR>[Calls]<UL><LI><a href="#[68]">&gt;&gt;</a>&nbsp;&nbsp;&nbsp;set_asc_bit
<LI><a href="#[69]">&gt;&gt;</a>&nbsp;&nbsp;&nbsp;clear_asc_bit
<LI><a href="#[5b]">&gt;&gt;</a>&nbsp;&nbsp;&nbsp;__aeabi_memcpy4
</UL>
<BR>[Called By]<UL><LI><a href="#[d7]">&gt;&gt;</a>&nbsp;&nbsp;&nbsp;initialize_mote
</UL>

<P><STRONG><a name="[6b]"></a>GPO_control</STRONG> (Thumb, 170 bytes, Stack size 36 bytes, scm3c_hw_interface.o(i.GPO_control))
<BR><BR>[Stack]<UL><LI>Max Depth = 44<LI>Call Chain = GPO_control &rArr; set_asc_bit
</UL>
<BR>[Calls]<UL><LI><a href="#[68]">&gt;&gt;</a>&nbsp;&nbsp;&nbsp;set_asc_bit
<LI><a href="#[69]">&gt;&gt;</a>&nbsp;&nbsp;&nbsp;clear_asc_bit
</UL>
<BR>[Called By]<UL><LI><a href="#[d7]">&gt;&gt;</a>&nbsp;&nbsp;&nbsp;initialize_mote
</UL>

<P><STRONG><a name="[6c]"></a>GPO_enables</STRONG> (Thumb, 64 bytes, Stack size 48 bytes, scm3c_hw_interface.o(i.GPO_enables))
<BR><BR>[Stack]<UL><LI>Max Depth = 56<LI>Call Chain = GPO_enables &rArr; set_asc_bit
</UL>
<BR>[Calls]<UL><LI><a href="#[68]">&gt;&gt;</a>&nbsp;&nbsp;&nbsp;set_asc_bit
<LI><a href="#[69]">&gt;&gt;</a>&nbsp;&nbsp;&nbsp;clear_asc_bit
<LI><a href="#[5b]">&gt;&gt;</a>&nbsp;&nbsp;&nbsp;__aeabi_memcpy4
</UL>
<BR>[Called By]<UL><LI><a href="#[d7]">&gt;&gt;</a>&nbsp;&nbsp;&nbsp;initialize_mote
</UL>

<P><STRONG><a name="[85]"></a>IEEE802154_security_acceptableLevel</STRONG> (Thumb, 6 bytes, Stack size 0 bytes, ieee802154_security.o(i.IEEE802154_security_acceptableLevel))
<BR><BR>[Called By]<UL><LI><a href="#[ce]">&gt;&gt;</a>&nbsp;&nbsp;&nbsp;activity_ti9
<LI><a href="#[a3]">&gt;&gt;</a>&nbsp;&nbsp;&nbsp;activity_synchronize_endOfFrame
<LI><a href="#[7d]">&gt;&gt;</a>&nbsp;&nbsp;&nbsp;activity_ri5
</UL>

<P><STRONG><a name="[1f0]"></a>IEEE802154_security_getBeaconKeyIndex</STRONG> (Thumb, 6 bytes, Stack size 0 bytes, ieee802154_security.o(i.IEEE802154_security_getBeaconKeyIndex))
<BR><BR>[Called By]<UL><LI><a href="#[1ef]">&gt;&gt;</a>&nbsp;&nbsp;&nbsp;sixtop_sendEB
</UL>

<P><STRONG><a name="[1ed]"></a>IEEE802154_security_getDataKeyIndex</STRONG> (Thumb, 6 bytes, Stack size 0 bytes, ieee802154_security.o(i.IEEE802154_security_getDataKeyIndex))
<BR><BR>[Called By]<UL><LI><a href="#[1f1]">&gt;&gt;</a>&nbsp;&nbsp;&nbsp;sixtop_sendKA
<LI><a href="#[15d]">&gt;&gt;</a>&nbsp;&nbsp;&nbsp;sixtop_send
</UL>

<P><STRONG><a name="[1ec]"></a>IEEE802154_security_getSecurityLevel</STRONG> (Thumb, 6 bytes, Stack size 0 bytes, ieee802154_security.o(i.IEEE802154_security_getSecurityLevel))
<BR><BR>[Called By]<UL><LI><a href="#[15d]">&gt;&gt;</a>&nbsp;&nbsp;&nbsp;sixtop_send
</UL>

<P><STRONG><a name="[87]"></a>IEEE802154_security_incomingFrame</STRONG> (Thumb, 6 bytes, Stack size 0 bytes, ieee802154_security.o(i.IEEE802154_security_incomingFrame))
<BR><BR>[Called By]<UL><LI><a href="#[a4]">&gt;&gt;</a>&nbsp;&nbsp;&nbsp;isValidJoin
<LI><a href="#[ce]">&gt;&gt;</a>&nbsp;&nbsp;&nbsp;activity_ti9
<LI><a href="#[7d]">&gt;&gt;</a>&nbsp;&nbsp;&nbsp;activity_ri5
</UL>

<P><STRONG><a name="[6d]"></a>IEEE802154_security_init</STRONG> (Thumb, 44 bytes, Stack size 8 bytes, ieee802154_security.o(i.IEEE802154_security_init))
<BR><BR>[Stack]<UL><LI>Max Depth = 8<LI>Call Chain = IEEE802154_security_init
</UL>
<BR>[Calls]<UL><LI><a href="#[5e]">&gt;&gt;</a>&nbsp;&nbsp;&nbsp;__aeabi_memclr
</UL>
<BR>[Called By]<UL><LI><a href="#[134]">&gt;&gt;</a>&nbsp;&nbsp;&nbsp;ieee154e_init
</UL>

<P><STRONG><a name="[86]"></a>IEEE802154_security_isConfigured</STRONG> (Thumb, 36 bytes, Stack size 0 bytes, ieee802154_security.o(i.IEEE802154_security_isConfigured))
<BR><BR>[Called By]<UL><LI><a href="#[1ef]">&gt;&gt;</a>&nbsp;&nbsp;&nbsp;sixtop_sendEB
<LI><a href="#[a4]">&gt;&gt;</a>&nbsp;&nbsp;&nbsp;isValidJoin
<LI><a href="#[9d]">&gt;&gt;</a>&nbsp;&nbsp;&nbsp;activity_ri9
<LI><a href="#[7d]">&gt;&gt;</a>&nbsp;&nbsp;&nbsp;activity_ri5
<LI><a href="#[115]">&gt;&gt;</a>&nbsp;&nbsp;&nbsp;icmpv6rpl_receive
</UL>

<P><STRONG><a name="[96]"></a>IEEE802154_security_outgoingFrameSecurity</STRONG> (Thumb, 6 bytes, Stack size 0 bytes, ieee802154_security.o(i.IEEE802154_security_outgoingFrameSecurity))
<BR><BR>[Called By]<UL><LI><a href="#[c4]">&gt;&gt;</a>&nbsp;&nbsp;&nbsp;activity_ti2
<LI><a href="#[94]">&gt;&gt;</a>&nbsp;&nbsp;&nbsp;activity_ri6
</UL>

<P><STRONG><a name="[13d]"></a>IEEE802154_security_prependAuxiliarySecurityHeader</STRONG> (Thumb, 6 bytes, Stack size 0 bytes, ieee802154_security.o(i.IEEE802154_security_prependAuxiliarySecurityHeader))
<BR><BR>[Called By]<UL><LI><a href="#[95]">&gt;&gt;</a>&nbsp;&nbsp;&nbsp;ieee802154_prependHeader
</UL>

<P><STRONG><a name="[6e]"></a>IEEE802154_security_setBeaconKey</STRONG> (Thumb, 22 bytes, Stack size 16 bytes, ieee802154_security.o(i.IEEE802154_security_setBeaconKey))
<BR><BR>[Stack]<UL><LI>Max Depth = 40<LI>Call Chain = IEEE802154_security_setBeaconKey &rArr; __aeabi_memcpy
</UL>
<BR>[Calls]<UL><LI><a href="#[5a]">&gt;&gt;</a>&nbsp;&nbsp;&nbsp;__aeabi_memcpy
</UL>
<BR>[Called By]<UL><LI><a href="#[132]">&gt;&gt;</a>&nbsp;&nbsp;&nbsp;idmanager_triggerAboutRoot
</UL>

<P><STRONG><a name="[6f]"></a>IEEE802154_security_setDataKey</STRONG> (Thumb, 22 bytes, Stack size 16 bytes, ieee802154_security.o(i.IEEE802154_security_setDataKey))
<BR><BR>[Stack]<UL><LI>Max Depth = 40<LI>Call Chain = IEEE802154_security_setDataKey &rArr; __aeabi_memcpy
</UL>
<BR>[Calls]<UL><LI><a href="#[5a]">&gt;&gt;</a>&nbsp;&nbsp;&nbsp;__aeabi_memcpy
</UL>
<BR>[Called By]<UL><LI><a href="#[132]">&gt;&gt;</a>&nbsp;&nbsp;&nbsp;idmanager_triggerAboutRoot
</UL>

<P><STRONG><a name="[70]"></a>LC_FREQCHANGE</STRONG> (Thumb, 102 bytes, Stack size 48 bytes, scm3c_hw_interface.o(i.LC_FREQCHANGE))
<BR><BR>[Stack]<UL><LI>Max Depth = 48<LI>Call Chain = LC_FREQCHANGE
</UL>
<BR>[Calls]<UL><LI><a href="#[71]">&gt;&gt;</a>&nbsp;&nbsp;&nbsp;flipChar
</UL>
<BR>[Called By]<UL><LI><a href="#[72]">&gt;&gt;</a>&nbsp;&nbsp;&nbsp;LC_monotonic
<LI><a href="#[1da]">&gt;&gt;</a>&nbsp;&nbsp;&nbsp;setFrequencyTX
<LI><a href="#[1db]">&gt;&gt;</a>&nbsp;&nbsp;&nbsp;setFrequencyRX
</UL>

<P><STRONG><a name="[72]"></a>LC_monotonic</STRONG> (Thumb, 106 bytes, Stack size 40 bytes, scm3c_hw_interface.o(i.LC_monotonic))
<BR><BR>[Stack]<UL><LI>Max Depth = 88<LI>Call Chain = LC_monotonic &rArr; LC_FREQCHANGE
</UL>
<BR>[Calls]<UL><LI><a href="#[70]">&gt;&gt;</a>&nbsp;&nbsp;&nbsp;LC_FREQCHANGE
<LI><a href="#[73]">&gt;&gt;</a>&nbsp;&nbsp;&nbsp;__aeabi_idivmod
</UL>
<BR>[Called By]<UL><LI><a href="#[d7]">&gt;&gt;</a>&nbsp;&nbsp;&nbsp;initialize_mote
<LI><a href="#[51]">&gt;&gt;</a>&nbsp;&nbsp;&nbsp;optical_sfd_isr
</UL>

<P><STRONG><a name="[e5]"></a>__ARM_common_switch8</STRONG> (Thumb, 28 bytes, Stack size 8 bytes, openserial.o(i.__ARM_common_switch8))
<BR><BR>[Stack]<UL><LI>Max Depth = 8<LI>Call Chain = __ARM_common_switch8
</UL>
<BR>[Called By]<UL><LI><a href="#[13e]">&gt;&gt;</a>&nbsp;&nbsp;&nbsp;packetfunctions_writeAddress
<LI><a href="#[13f]">&gt;&gt;</a>&nbsp;&nbsp;&nbsp;packetfunctions_readAddress
<LI><a href="#[89]">&gt;&gt;</a>&nbsp;&nbsp;&nbsp;idmanager_getMyID
<LI><a href="#[1a2]">&gt;&gt;</a>&nbsp;&nbsp;&nbsp;task_openserial_debugPrint
<LI><a href="#[80]">&gt;&gt;</a>&nbsp;&nbsp;&nbsp;openserial_printLog
<LI><a href="#[155]">&gt;&gt;</a>&nbsp;&nbsp;&nbsp;iphc_retrieveIPv6Header
<LI><a href="#[11d]">&gt;&gt;</a>&nbsp;&nbsp;&nbsp;idmanager_setMyID
<LI><a href="#[1f7]">&gt;&gt;</a>&nbsp;&nbsp;&nbsp;sixtop_six2six_sendDone
<LI><a href="#[1ea]">&gt;&gt;</a>&nbsp;&nbsp;&nbsp;sixtop_six2six_notifyReceive
<LI><a href="#[17d]">&gt;&gt;</a>&nbsp;&nbsp;&nbsp;sixtop_request
<LI><a href="#[8a]">&gt;&gt;</a>&nbsp;&nbsp;&nbsp;packetfunctions_sameAddress
<LI><a href="#[101]">&gt;&gt;</a>&nbsp;&nbsp;&nbsp;idmanager_isMyAddress
<LI><a href="#[15]">&gt;&gt;</a>&nbsp;&nbsp;&nbsp;isr_ieee154e_timer
<LI><a href="#[75]">&gt;&gt;</a>&nbsp;&nbsp;&nbsp;changeState
<LI><a href="#[105]">&gt;&gt;</a>&nbsp;&nbsp;&nbsp;forwarding_send_internal_SourceRouting
</UL>

<P><STRONG><a name="[45]"></a>_sys_exit</STRONG> (Thumb, 10 bytes, Stack size 0 bytes, retarget.o(i._sys_exit))
<BR><BR>[Stack]<UL><LI>Max Depth = 128 + Unknown Stack Size
<LI>Call Chain = _sys_exit &rArr; __2printf &rArr; _printf_char_file &rArr; _printf_char_common &rArr; __printf
</UL>
<BR>[Calls]<UL><LI><a href="#[52]">&gt;&gt;</a>&nbsp;&nbsp;&nbsp;__2printf
</UL>
<BR>[Called By]<UL><LI><a href="#[44]">&gt;&gt;</a>&nbsp;&nbsp;&nbsp;__rt_exit_exit
</UL>

<P><STRONG><a name="[74]"></a>activity_ri2</STRONG> (Thumb, 82 bytes, Stack size 16 bytes, ieee802154e.o(i.activity_ri2))
<BR><BR>[Stack]<UL><LI>Max Depth = 104<LI>Call Chain = activity_ri2 &rArr; radio_setFrequency &rArr; setFrequencyTX &rArr; LC_FREQCHANGE
</UL>
<BR>[Calls]<UL><LI><a href="#[79]">&gt;&gt;</a>&nbsp;&nbsp;&nbsp;sctimer_readCounter
<LI><a href="#[77]">&gt;&gt;</a>&nbsp;&nbsp;&nbsp;radio_setFrequency
<LI><a href="#[78]">&gt;&gt;</a>&nbsp;&nbsp;&nbsp;radio_rxEnable
<LI><a href="#[76]">&gt;&gt;</a>&nbsp;&nbsp;&nbsp;opentimers_scheduleAbsolute
<LI><a href="#[75]">&gt;&gt;</a>&nbsp;&nbsp;&nbsp;changeState
</UL>
<BR>[Called By]<UL><LI><a href="#[15]">&gt;&gt;</a>&nbsp;&nbsp;&nbsp;isr_ieee154e_timer
</UL>

<P><STRONG><a name="[7a]"></a>activity_ri3</STRONG> (Thumb, 46 bytes, Stack size 16 bytes, ieee802154e.o(i.activity_ri3))
<BR><BR>[Stack]<UL><LI>Max Depth = 68<LI>Call Chain = activity_ri3 &rArr; opentimers_scheduleAbsolute &rArr; sctimer_setCompare
</UL>
<BR>[Calls]<UL><LI><a href="#[7b]">&gt;&gt;</a>&nbsp;&nbsp;&nbsp;radio_rxNow
<LI><a href="#[76]">&gt;&gt;</a>&nbsp;&nbsp;&nbsp;opentimers_scheduleAbsolute
<LI><a href="#[75]">&gt;&gt;</a>&nbsp;&nbsp;&nbsp;changeState
</UL>
<BR>[Called By]<UL><LI><a href="#[15]">&gt;&gt;</a>&nbsp;&nbsp;&nbsp;isr_ieee154e_timer
</UL>

<P><STRONG><a name="[7c]"></a>activity_ri4</STRONG> (Thumb, 68 bytes, Stack size 16 bytes, ieee802154e.o(i.activity_ri4))
<BR><BR>[Stack]<UL><LI>Max Depth = 68<LI>Call Chain = activity_ri4 &rArr; opentimers_scheduleAbsolute &rArr; sctimer_setCompare
</UL>
<BR>[Calls]<UL><LI><a href="#[76]">&gt;&gt;</a>&nbsp;&nbsp;&nbsp;opentimers_scheduleAbsolute
<LI><a href="#[75]">&gt;&gt;</a>&nbsp;&nbsp;&nbsp;changeState
</UL>
<BR>[Called By]<UL><LI><a href="#[1a]">&gt;&gt;</a>&nbsp;&nbsp;&nbsp;ieee154e_startOfFrame
</UL>

<P><STRONG><a name="[7d]"></a>activity_ri5</STRONG> (Thumb, 780 bytes, Stack size 128 bytes, ieee802154e.o(i.activity_ri5))
<BR><BR>[Stack]<UL><LI>Max Depth = 464 + Unknown Stack Size
<LI>Call Chain = activity_ri5 &rArr; ieee154e_processIEs &rArr; isValidEbFormat &rArr; schedule_addActiveSlot &rArr; openserial_printLog &rArr; internal_openserial_print &rArr; outputHdlcClose &rArr; outputHdlcWrite &rArr; crcIteration
</UL>
<BR>[Calls]<UL><LI><a href="#[79]">&gt;&gt;</a>&nbsp;&nbsp;&nbsp;sctimer_readCounter
<LI><a href="#[7e]">&gt;&gt;</a>&nbsp;&nbsp;&nbsp;radio_rfOff
<LI><a href="#[82]">&gt;&gt;</a>&nbsp;&nbsp;&nbsp;radio_getReceivedFrame
<LI><a href="#[76]">&gt;&gt;</a>&nbsp;&nbsp;&nbsp;opentimers_scheduleAbsolute
<LI><a href="#[86]">&gt;&gt;</a>&nbsp;&nbsp;&nbsp;IEEE802154_security_isConfigured
<LI><a href="#[87]">&gt;&gt;</a>&nbsp;&nbsp;&nbsp;IEEE802154_security_incomingFrame
<LI><a href="#[85]">&gt;&gt;</a>&nbsp;&nbsp;&nbsp;IEEE802154_security_acceptableLevel
<LI><a href="#[84]">&gt;&gt;</a>&nbsp;&nbsp;&nbsp;ieee802154_retrieveHeader
<LI><a href="#[89]">&gt;&gt;</a>&nbsp;&nbsp;&nbsp;idmanager_getMyID
<LI><a href="#[80]">&gt;&gt;</a>&nbsp;&nbsp;&nbsp;openserial_printLog
<LI><a href="#[90]">&gt;&gt;</a>&nbsp;&nbsp;&nbsp;schedule_hasNegotiatedCellToNeighbor
<LI><a href="#[88]">&gt;&gt;</a>&nbsp;&nbsp;&nbsp;packetfunctions_tossHeader
<LI><a href="#[83]">&gt;&gt;</a>&nbsp;&nbsp;&nbsp;packetfunctions_tossFooter
<LI><a href="#[8a]">&gt;&gt;</a>&nbsp;&nbsp;&nbsp;packetfunctions_sameAddress
<LI><a href="#[7f]">&gt;&gt;</a>&nbsp;&nbsp;&nbsp;openqueue_getFreePacketBuffer
<LI><a href="#[93]">&gt;&gt;</a>&nbsp;&nbsp;&nbsp;openqueue_freePacketBuffer
<LI><a href="#[8e]">&gt;&gt;</a>&nbsp;&nbsp;&nbsp;idmanager_getIsDAGroot
<LI><a href="#[8f]">&gt;&gt;</a>&nbsp;&nbsp;&nbsp;icmpv6rpl_isPreferredParent
<LI><a href="#[8d]">&gt;&gt;</a>&nbsp;&nbsp;&nbsp;icmpv6rpl_getPreferredParentEui64
<LI><a href="#[91]">&gt;&gt;</a>&nbsp;&nbsp;&nbsp;synchronizePacket
<LI><a href="#[92]">&gt;&gt;</a>&nbsp;&nbsp;&nbsp;notif_receive
<LI><a href="#[8c]">&gt;&gt;</a>&nbsp;&nbsp;&nbsp;isValidRxFrame
<LI><a href="#[8b]">&gt;&gt;</a>&nbsp;&nbsp;&nbsp;ieee154e_processIEs
<LI><a href="#[81]">&gt;&gt;</a>&nbsp;&nbsp;&nbsp;endSlot
<LI><a href="#[75]">&gt;&gt;</a>&nbsp;&nbsp;&nbsp;changeState
<LI><a href="#[5a]">&gt;&gt;</a>&nbsp;&nbsp;&nbsp;__aeabi_memcpy
</UL>
<BR>[Called By]<UL><LI><a href="#[1b]">&gt;&gt;</a>&nbsp;&nbsp;&nbsp;ieee154e_endOfFrame
</UL>

<P><STRONG><a name="[94]"></a>activity_ri6</STRONG> (Thumb, 392 bytes, Stack size 16 bytes, ieee802154e.o(i.activity_ri6))
<BR><BR>[Stack]<UL><LI>Max Depth = 304<LI>Call Chain = activity_ri6 &rArr; endSlot &rArr; schedule_removeActiveSlot &rArr; packetfunctions_sameAddress &rArr; openserial_printLog &rArr; internal_openserial_print &rArr; outputHdlcClose &rArr; outputHdlcWrite &rArr; crcIteration
</UL>
<BR>[Calls]<UL><LI><a href="#[79]">&gt;&gt;</a>&nbsp;&nbsp;&nbsp;sctimer_readCounter
<LI><a href="#[99]">&gt;&gt;</a>&nbsp;&nbsp;&nbsp;radio_txEnable
<LI><a href="#[77]">&gt;&gt;</a>&nbsp;&nbsp;&nbsp;radio_setFrequency
<LI><a href="#[98]">&gt;&gt;</a>&nbsp;&nbsp;&nbsp;radio_loadPacket
<LI><a href="#[76]">&gt;&gt;</a>&nbsp;&nbsp;&nbsp;opentimers_scheduleAbsolute
<LI><a href="#[96]">&gt;&gt;</a>&nbsp;&nbsp;&nbsp;IEEE802154_security_outgoingFrameSecurity
<LI><a href="#[95]">&gt;&gt;</a>&nbsp;&nbsp;&nbsp;ieee802154_prependHeader
<LI><a href="#[80]">&gt;&gt;</a>&nbsp;&nbsp;&nbsp;openserial_printLog
<LI><a href="#[97]">&gt;&gt;</a>&nbsp;&nbsp;&nbsp;packetfunctions_reserveFooter
<LI><a href="#[7f]">&gt;&gt;</a>&nbsp;&nbsp;&nbsp;openqueue_getFreePacketBuffer
<LI><a href="#[93]">&gt;&gt;</a>&nbsp;&nbsp;&nbsp;openqueue_freePacketBuffer
<LI><a href="#[92]">&gt;&gt;</a>&nbsp;&nbsp;&nbsp;notif_receive
<LI><a href="#[81]">&gt;&gt;</a>&nbsp;&nbsp;&nbsp;endSlot
<LI><a href="#[75]">&gt;&gt;</a>&nbsp;&nbsp;&nbsp;changeState
</UL>
<BR>[Called By]<UL><LI><a href="#[15]">&gt;&gt;</a>&nbsp;&nbsp;&nbsp;isr_ieee154e_timer
</UL>

<P><STRONG><a name="[9a]"></a>activity_ri7</STRONG> (Thumb, 48 bytes, Stack size 16 bytes, ieee802154e.o(i.activity_ri7))
<BR><BR>[Stack]<UL><LI>Max Depth = 68<LI>Call Chain = activity_ri7 &rArr; opentimers_scheduleAbsolute &rArr; sctimer_setCompare
</UL>
<BR>[Calls]<UL><LI><a href="#[9b]">&gt;&gt;</a>&nbsp;&nbsp;&nbsp;radio_txNow
<LI><a href="#[76]">&gt;&gt;</a>&nbsp;&nbsp;&nbsp;opentimers_scheduleAbsolute
<LI><a href="#[75]">&gt;&gt;</a>&nbsp;&nbsp;&nbsp;changeState
</UL>
<BR>[Called By]<UL><LI><a href="#[15]">&gt;&gt;</a>&nbsp;&nbsp;&nbsp;isr_ieee154e_timer
</UL>

<P><STRONG><a name="[9c]"></a>activity_ri8</STRONG> (Thumb, 66 bytes, Stack size 16 bytes, ieee802154e.o(i.activity_ri8))
<BR><BR>[Stack]<UL><LI>Max Depth = 68<LI>Call Chain = activity_ri8 &rArr; opentimers_scheduleAbsolute &rArr; sctimer_setCompare
</UL>
<BR>[Calls]<UL><LI><a href="#[76]">&gt;&gt;</a>&nbsp;&nbsp;&nbsp;opentimers_scheduleAbsolute
<LI><a href="#[75]">&gt;&gt;</a>&nbsp;&nbsp;&nbsp;changeState
</UL>
<BR>[Called By]<UL><LI><a href="#[1a]">&gt;&gt;</a>&nbsp;&nbsp;&nbsp;ieee154e_startOfFrame
</UL>

<P><STRONG><a name="[9d]"></a>activity_ri9</STRONG> (Thumb, 120 bytes, Stack size 16 bytes, ieee802154e.o(i.activity_ri9))
<BR><BR>[Stack]<UL><LI>Max Depth = 304 + Unknown Stack Size
<LI>Call Chain = activity_ri9 &rArr; endSlot &rArr; schedule_removeActiveSlot &rArr; packetfunctions_sameAddress &rArr; openserial_printLog &rArr; internal_openserial_print &rArr; outputHdlcClose &rArr; outputHdlcWrite &rArr; crcIteration
</UL>
<BR>[Calls]<UL><LI><a href="#[76]">&gt;&gt;</a>&nbsp;&nbsp;&nbsp;opentimers_scheduleAbsolute
<LI><a href="#[86]">&gt;&gt;</a>&nbsp;&nbsp;&nbsp;IEEE802154_security_isConfigured
<LI><a href="#[93]">&gt;&gt;</a>&nbsp;&nbsp;&nbsp;openqueue_freePacketBuffer
<LI><a href="#[8e]">&gt;&gt;</a>&nbsp;&nbsp;&nbsp;idmanager_getIsDAGroot
<LI><a href="#[8f]">&gt;&gt;</a>&nbsp;&nbsp;&nbsp;icmpv6rpl_isPreferredParent
<LI><a href="#[91]">&gt;&gt;</a>&nbsp;&nbsp;&nbsp;synchronizePacket
<LI><a href="#[92]">&gt;&gt;</a>&nbsp;&nbsp;&nbsp;notif_receive
<LI><a href="#[81]">&gt;&gt;</a>&nbsp;&nbsp;&nbsp;endSlot
<LI><a href="#[75]">&gt;&gt;</a>&nbsp;&nbsp;&nbsp;changeState
</UL>
<BR>[Called By]<UL><LI><a href="#[1b]">&gt;&gt;</a>&nbsp;&nbsp;&nbsp;ieee154e_endOfFrame
</UL>

<P><STRONG><a name="[9e]"></a>activity_rie1</STRONG> (Thumb, 28 bytes, Stack size 8 bytes, ieee802154e.o(i.activity_rie1))
<BR><BR>[Stack]<UL><LI>Max Depth = 296<LI>Call Chain = activity_rie1 &rArr; endSlot &rArr; schedule_removeActiveSlot &rArr; packetfunctions_sameAddress &rArr; openserial_printLog &rArr; internal_openserial_print &rArr; outputHdlcClose &rArr; outputHdlcWrite &rArr; crcIteration
</UL>
<BR>[Calls]<UL><LI><a href="#[80]">&gt;&gt;</a>&nbsp;&nbsp;&nbsp;openserial_printLog
<LI><a href="#[81]">&gt;&gt;</a>&nbsp;&nbsp;&nbsp;endSlot
</UL>
<BR>[Called By]<UL><LI><a href="#[15]">&gt;&gt;</a>&nbsp;&nbsp;&nbsp;isr_ieee154e_timer
</UL>

<P><STRONG><a name="[9f]"></a>activity_rie3</STRONG> (Thumb, 28 bytes, Stack size 8 bytes, ieee802154e.o(i.activity_rie3))
<BR><BR>[Stack]<UL><LI>Max Depth = 296<LI>Call Chain = activity_rie3 &rArr; endSlot &rArr; schedule_removeActiveSlot &rArr; packetfunctions_sameAddress &rArr; openserial_printLog &rArr; internal_openserial_print &rArr; outputHdlcClose &rArr; outputHdlcWrite &rArr; crcIteration
</UL>
<BR>[Calls]<UL><LI><a href="#[80]">&gt;&gt;</a>&nbsp;&nbsp;&nbsp;openserial_printLog
<LI><a href="#[81]">&gt;&gt;</a>&nbsp;&nbsp;&nbsp;endSlot
</UL>
<BR>[Called By]<UL><LI><a href="#[15]">&gt;&gt;</a>&nbsp;&nbsp;&nbsp;isr_ieee154e_timer
</UL>

<P><STRONG><a name="[a0]"></a>activity_rie4</STRONG> (Thumb, 28 bytes, Stack size 8 bytes, ieee802154e.o(i.activity_rie4))
<BR><BR>[Stack]<UL><LI>Max Depth = 296<LI>Call Chain = activity_rie4 &rArr; endSlot &rArr; schedule_removeActiveSlot &rArr; packetfunctions_sameAddress &rArr; openserial_printLog &rArr; internal_openserial_print &rArr; outputHdlcClose &rArr; outputHdlcWrite &rArr; crcIteration
</UL>
<BR>[Calls]<UL><LI><a href="#[80]">&gt;&gt;</a>&nbsp;&nbsp;&nbsp;openserial_printLog
<LI><a href="#[81]">&gt;&gt;</a>&nbsp;&nbsp;&nbsp;endSlot
</UL>
<BR>[Called By]<UL><LI><a href="#[15]">&gt;&gt;</a>&nbsp;&nbsp;&nbsp;isr_ieee154e_timer
</UL>

<P><STRONG><a name="[a1]"></a>activity_rie5</STRONG> (Thumb, 28 bytes, Stack size 8 bytes, ieee802154e.o(i.activity_rie5))
<BR><BR>[Stack]<UL><LI>Max Depth = 296<LI>Call Chain = activity_rie5 &rArr; endSlot &rArr; schedule_removeActiveSlot &rArr; packetfunctions_sameAddress &rArr; openserial_printLog &rArr; internal_openserial_print &rArr; outputHdlcClose &rArr; outputHdlcWrite &rArr; crcIteration
</UL>
<BR>[Calls]<UL><LI><a href="#[80]">&gt;&gt;</a>&nbsp;&nbsp;&nbsp;openserial_printLog
<LI><a href="#[81]">&gt;&gt;</a>&nbsp;&nbsp;&nbsp;endSlot
</UL>
<BR>[Called By]<UL><LI><a href="#[15]">&gt;&gt;</a>&nbsp;&nbsp;&nbsp;isr_ieee154e_timer
</UL>

<P><STRONG><a name="[a2]"></a>activity_rie6</STRONG> (Thumb, 28 bytes, Stack size 8 bytes, ieee802154e.o(i.activity_rie6))
<BR><BR>[Stack]<UL><LI>Max Depth = 296<LI>Call Chain = activity_rie6 &rArr; endSlot &rArr; schedule_removeActiveSlot &rArr; packetfunctions_sameAddress &rArr; openserial_printLog &rArr; internal_openserial_print &rArr; outputHdlcClose &rArr; outputHdlcWrite &rArr; crcIteration
</UL>
<BR>[Calls]<UL><LI><a href="#[80]">&gt;&gt;</a>&nbsp;&nbsp;&nbsp;openserial_printLog
<LI><a href="#[81]">&gt;&gt;</a>&nbsp;&nbsp;&nbsp;endSlot
</UL>
<BR>[Called By]<UL><LI><a href="#[15]">&gt;&gt;</a>&nbsp;&nbsp;&nbsp;isr_ieee154e_timer
</UL>

<P><STRONG><a name="[a3]"></a>activity_synchronize_endOfFrame</STRONG> (Thumb, 606 bytes, Stack size 88 bytes, ieee802154e.o(i.activity_synchronize_endOfFrame))
<BR><BR>[Stack]<UL><LI>Max Depth = 448 + Unknown Stack Size
<LI>Call Chain = activity_synchronize_endOfFrame &rArr; isValidJoin &rArr; ieee154e_processIEs &rArr; isValidEbFormat &rArr; schedule_addActiveSlot &rArr; openserial_printLog &rArr; internal_openserial_print &rArr; outputHdlcClose &rArr; outputHdlcWrite &rArr; crcIteration
</UL>
<BR>[Calls]<UL><LI><a href="#[79]">&gt;&gt;</a>&nbsp;&nbsp;&nbsp;sctimer_readCounter
<LI><a href="#[7e]">&gt;&gt;</a>&nbsp;&nbsp;&nbsp;radio_rfOff
<LI><a href="#[82]">&gt;&gt;</a>&nbsp;&nbsp;&nbsp;radio_getReceivedFrame
<LI><a href="#[85]">&gt;&gt;</a>&nbsp;&nbsp;&nbsp;IEEE802154_security_acceptableLevel
<LI><a href="#[84]">&gt;&gt;</a>&nbsp;&nbsp;&nbsp;ieee802154_retrieveHeader
<LI><a href="#[89]">&gt;&gt;</a>&nbsp;&nbsp;&nbsp;idmanager_getMyID
<LI><a href="#[80]">&gt;&gt;</a>&nbsp;&nbsp;&nbsp;openserial_printLog
<LI><a href="#[88]">&gt;&gt;</a>&nbsp;&nbsp;&nbsp;packetfunctions_tossHeader
<LI><a href="#[83]">&gt;&gt;</a>&nbsp;&nbsp;&nbsp;packetfunctions_tossFooter
<LI><a href="#[8a]">&gt;&gt;</a>&nbsp;&nbsp;&nbsp;packetfunctions_sameAddress
<LI><a href="#[7f]">&gt;&gt;</a>&nbsp;&nbsp;&nbsp;openqueue_getFreePacketBuffer
<LI><a href="#[93]">&gt;&gt;</a>&nbsp;&nbsp;&nbsp;openqueue_freePacketBuffer
<LI><a href="#[91]">&gt;&gt;</a>&nbsp;&nbsp;&nbsp;synchronizePacket
<LI><a href="#[92]">&gt;&gt;</a>&nbsp;&nbsp;&nbsp;notif_receive
<LI><a href="#[a4]">&gt;&gt;</a>&nbsp;&nbsp;&nbsp;isValidJoin
<LI><a href="#[8b]">&gt;&gt;</a>&nbsp;&nbsp;&nbsp;ieee154e_processIEs
<LI><a href="#[81]">&gt;&gt;</a>&nbsp;&nbsp;&nbsp;endSlot
<LI><a href="#[75]">&gt;&gt;</a>&nbsp;&nbsp;&nbsp;changeState
<LI><a href="#[a5]">&gt;&gt;</a>&nbsp;&nbsp;&nbsp;changeIsSync
<LI><a href="#[5a]">&gt;&gt;</a>&nbsp;&nbsp;&nbsp;__aeabi_memcpy
</UL>
<BR>[Called By]<UL><LI><a href="#[1b]">&gt;&gt;</a>&nbsp;&nbsp;&nbsp;ieee154e_endOfFrame
</UL>

<P><STRONG><a name="[a6]"></a>activity_synchronize_newSlot</STRONG> (Thumb, 312 bytes, Stack size 16 bytes, ieee802154e.o(i.activity_synchronize_newSlot))
<BR><BR>[Stack]<UL><LI>Max Depth = 104<LI>Call Chain = activity_synchronize_newSlot &rArr; radio_setFrequency &rArr; setFrequencyTX &rArr; LC_FREQCHANGE
</UL>
<BR>[Calls]<UL><LI><a href="#[79]">&gt;&gt;</a>&nbsp;&nbsp;&nbsp;sctimer_readCounter
<LI><a href="#[77]">&gt;&gt;</a>&nbsp;&nbsp;&nbsp;radio_setFrequency
<LI><a href="#[7b]">&gt;&gt;</a>&nbsp;&nbsp;&nbsp;radio_rxNow
<LI><a href="#[7e]">&gt;&gt;</a>&nbsp;&nbsp;&nbsp;radio_rfOff
<LI><a href="#[78]">&gt;&gt;</a>&nbsp;&nbsp;&nbsp;radio_rxEnable
<LI><a href="#[76]">&gt;&gt;</a>&nbsp;&nbsp;&nbsp;opentimers_scheduleAbsolute
<LI><a href="#[ab]">&gt;&gt;</a>&nbsp;&nbsp;&nbsp;openserial_inhibitStop
<LI><a href="#[a7]">&gt;&gt;</a>&nbsp;&nbsp;&nbsp;openrandom_get16b
<LI><a href="#[75]">&gt;&gt;</a>&nbsp;&nbsp;&nbsp;changeState
<LI><a href="#[aa]">&gt;&gt;</a>&nbsp;&nbsp;&nbsp;calculateFrequency
<LI><a href="#[a9]">&gt;&gt;</a>&nbsp;&nbsp;&nbsp;__aeabi_uwrite4
<LI><a href="#[a8]">&gt;&gt;</a>&nbsp;&nbsp;&nbsp;__aeabi_uread4
</UL>
<BR>[Called By]<UL><LI><a href="#[16]">&gt;&gt;</a>&nbsp;&nbsp;&nbsp;isr_ieee154e_newSlot
</UL>

<P><STRONG><a name="[ac]"></a>activity_synchronize_startOfFrame</STRONG> (Thumb, 36 bytes, Stack size 8 bytes, ieee802154e.o(i.activity_synchronize_startOfFrame))
<BR><BR>[Stack]<UL><LI>Max Depth = 48<LI>Call Chain = activity_synchronize_startOfFrame &rArr; openserial_inhibitStart &rArr; openserial_flush &rArr; uart_writeByte &rArr; uart_tx_isr
</UL>
<BR>[Calls]<UL><LI><a href="#[ad]">&gt;&gt;</a>&nbsp;&nbsp;&nbsp;openserial_inhibitStart
<LI><a href="#[75]">&gt;&gt;</a>&nbsp;&nbsp;&nbsp;changeState
</UL>
<BR>[Called By]<UL><LI><a href="#[1a]">&gt;&gt;</a>&nbsp;&nbsp;&nbsp;ieee154e_startOfFrame
</UL>

<P><STRONG><a name="[ae]"></a>activity_ti1ORri1</STRONG> (Thumb, 762 bytes, Stack size 56 bytes, ieee802154e.o(i.activity_ti1ORri1))
<BR><BR>[Stack]<UL><LI>Max Depth = 344 + Unknown Stack Size
<LI>Call Chain = activity_ti1ORri1 &rArr; endSlot &rArr; schedule_removeActiveSlot &rArr; packetfunctions_sameAddress &rArr; openserial_printLog &rArr; internal_openserial_print &rArr; outputHdlcClose &rArr; outputHdlcWrite &rArr; crcIteration
</UL>
<BR>[Calls]<UL><LI><a href="#[b0]">&gt;&gt;</a>&nbsp;&nbsp;&nbsp;debugpins_slot_toggle
<LI><a href="#[b1]">&gt;&gt;</a>&nbsp;&nbsp;&nbsp;debugpins_frame_toggle
<LI><a href="#[76]">&gt;&gt;</a>&nbsp;&nbsp;&nbsp;opentimers_scheduleAbsolute
<LI><a href="#[ba]">&gt;&gt;</a>&nbsp;&nbsp;&nbsp;packetfunctions_isBroadcastMulticast
<LI><a href="#[c2]">&gt;&gt;</a>&nbsp;&nbsp;&nbsp;ieee154e_getAsn
<LI><a href="#[80]">&gt;&gt;</a>&nbsp;&nbsp;&nbsp;openserial_printLog
<LI><a href="#[b7]">&gt;&gt;</a>&nbsp;&nbsp;&nbsp;schedule_getType
<LI><a href="#[bd]">&gt;&gt;</a>&nbsp;&nbsp;&nbsp;schedule_getShared
<LI><a href="#[b9]">&gt;&gt;</a>&nbsp;&nbsp;&nbsp;schedule_getOkToSend
<LI><a href="#[b2]">&gt;&gt;</a>&nbsp;&nbsp;&nbsp;schedule_getNextActiveSlotOffset
<LI><a href="#[b8]">&gt;&gt;</a>&nbsp;&nbsp;&nbsp;schedule_getNeighbor
<LI><a href="#[b6]">&gt;&gt;</a>&nbsp;&nbsp;&nbsp;schedule_getFrameLength
<LI><a href="#[b4]">&gt;&gt;</a>&nbsp;&nbsp;&nbsp;schedule_getChannelOffset
<LI><a href="#[b3]">&gt;&gt;</a>&nbsp;&nbsp;&nbsp;schedule_advanceSlot
<LI><a href="#[bb]">&gt;&gt;</a>&nbsp;&nbsp;&nbsp;openqueue_macGetUnicastPacket
<LI><a href="#[bc]">&gt;&gt;</a>&nbsp;&nbsp;&nbsp;openqueue_macGetKaPacket
<LI><a href="#[c1]">&gt;&gt;</a>&nbsp;&nbsp;&nbsp;openqueue_macGetEBPacket
<LI><a href="#[c0]">&gt;&gt;</a>&nbsp;&nbsp;&nbsp;openqueue_macGetDIOPacket
<LI><a href="#[be]">&gt;&gt;</a>&nbsp;&nbsp;&nbsp;msf_updateCellsUsed
<LI><a href="#[bf]">&gt;&gt;</a>&nbsp;&nbsp;&nbsp;msf_updateCellsElapsed
<LI><a href="#[b5]">&gt;&gt;</a>&nbsp;&nbsp;&nbsp;idmanager_getIsSlotSkip
<LI><a href="#[8e]">&gt;&gt;</a>&nbsp;&nbsp;&nbsp;idmanager_getIsDAGroot
<LI><a href="#[c3]">&gt;&gt;</a>&nbsp;&nbsp;&nbsp;icmpv6rpl_getMyDAGrank
<LI><a href="#[af]">&gt;&gt;</a>&nbsp;&nbsp;&nbsp;incrementAsnOffset
<LI><a href="#[81]">&gt;&gt;</a>&nbsp;&nbsp;&nbsp;endSlot
<LI><a href="#[75]">&gt;&gt;</a>&nbsp;&nbsp;&nbsp;changeState
<LI><a href="#[a5]">&gt;&gt;</a>&nbsp;&nbsp;&nbsp;changeIsSync
<LI><a href="#[aa]">&gt;&gt;</a>&nbsp;&nbsp;&nbsp;calculateFrequency
<LI><a href="#[5a]">&gt;&gt;</a>&nbsp;&nbsp;&nbsp;__aeabi_memcpy
<LI><a href="#[52]">&gt;&gt;</a>&nbsp;&nbsp;&nbsp;__2printf
</UL>
<BR>[Called By]<UL><LI><a href="#[16]">&gt;&gt;</a>&nbsp;&nbsp;&nbsp;isr_ieee154e_newSlot
</UL>

<P><STRONG><a name="[c4]"></a>activity_ti2</STRONG> (Thumb, 170 bytes, Stack size 16 bytes, ieee802154e.o(i.activity_ti2))
<BR><BR>[Stack]<UL><LI>Max Depth = 304<LI>Call Chain = activity_ti2 &rArr; endSlot &rArr; schedule_removeActiveSlot &rArr; packetfunctions_sameAddress &rArr; openserial_printLog &rArr; internal_openserial_print &rArr; outputHdlcClose &rArr; outputHdlcWrite &rArr; crcIteration
</UL>
<BR>[Calls]<UL><LI><a href="#[79]">&gt;&gt;</a>&nbsp;&nbsp;&nbsp;sctimer_readCounter
<LI><a href="#[99]">&gt;&gt;</a>&nbsp;&nbsp;&nbsp;radio_txEnable
<LI><a href="#[77]">&gt;&gt;</a>&nbsp;&nbsp;&nbsp;radio_setFrequency
<LI><a href="#[98]">&gt;&gt;</a>&nbsp;&nbsp;&nbsp;radio_loadPacket
<LI><a href="#[76]">&gt;&gt;</a>&nbsp;&nbsp;&nbsp;opentimers_scheduleAbsolute
<LI><a href="#[96]">&gt;&gt;</a>&nbsp;&nbsp;&nbsp;IEEE802154_security_outgoingFrameSecurity
<LI><a href="#[97]">&gt;&gt;</a>&nbsp;&nbsp;&nbsp;packetfunctions_reserveFooter
<LI><a href="#[c5]">&gt;&gt;</a>&nbsp;&nbsp;&nbsp;packetfunctions_duplicatePacket
<LI><a href="#[81]">&gt;&gt;</a>&nbsp;&nbsp;&nbsp;endSlot
<LI><a href="#[75]">&gt;&gt;</a>&nbsp;&nbsp;&nbsp;changeState
</UL>
<BR>[Called By]<UL><LI><a href="#[15]">&gt;&gt;</a>&nbsp;&nbsp;&nbsp;isr_ieee154e_timer
</UL>

<P><STRONG><a name="[c6]"></a>activity_ti3</STRONG> (Thumb, 48 bytes, Stack size 16 bytes, ieee802154e.o(i.activity_ti3))
<BR><BR>[Stack]<UL><LI>Max Depth = 68<LI>Call Chain = activity_ti3 &rArr; opentimers_scheduleAbsolute &rArr; sctimer_setCompare
</UL>
<BR>[Calls]<UL><LI><a href="#[9b]">&gt;&gt;</a>&nbsp;&nbsp;&nbsp;radio_txNow
<LI><a href="#[76]">&gt;&gt;</a>&nbsp;&nbsp;&nbsp;opentimers_scheduleAbsolute
<LI><a href="#[75]">&gt;&gt;</a>&nbsp;&nbsp;&nbsp;changeState
</UL>
<BR>[Called By]<UL><LI><a href="#[15]">&gt;&gt;</a>&nbsp;&nbsp;&nbsp;isr_ieee154e_timer
</UL>

<P><STRONG><a name="[c7]"></a>activity_ti4</STRONG> (Thumb, 66 bytes, Stack size 16 bytes, ieee802154e.o(i.activity_ti4))
<BR><BR>[Stack]<UL><LI>Max Depth = 68<LI>Call Chain = activity_ti4 &rArr; opentimers_scheduleAbsolute &rArr; sctimer_setCompare
</UL>
<BR>[Calls]<UL><LI><a href="#[76]">&gt;&gt;</a>&nbsp;&nbsp;&nbsp;opentimers_scheduleAbsolute
<LI><a href="#[75]">&gt;&gt;</a>&nbsp;&nbsp;&nbsp;changeState
</UL>
<BR>[Called By]<UL><LI><a href="#[1a]">&gt;&gt;</a>&nbsp;&nbsp;&nbsp;ieee154e_startOfFrame
</UL>

<P><STRONG><a name="[c8]"></a>activity_ti5</STRONG> (Thumb, 158 bytes, Stack size 24 bytes, ieee802154e.o(i.activity_ti5))
<BR><BR>[Stack]<UL><LI>Max Depth = 312<LI>Call Chain = activity_ti5 &rArr; endSlot &rArr; schedule_removeActiveSlot &rArr; packetfunctions_sameAddress &rArr; openserial_printLog &rArr; internal_openserial_print &rArr; outputHdlcClose &rArr; outputHdlcWrite &rArr; crcIteration
</UL>
<BR>[Calls]<UL><LI><a href="#[79]">&gt;&gt;</a>&nbsp;&nbsp;&nbsp;sctimer_readCounter
<LI><a href="#[7e]">&gt;&gt;</a>&nbsp;&nbsp;&nbsp;radio_rfOff
<LI><a href="#[76]">&gt;&gt;</a>&nbsp;&nbsp;&nbsp;opentimers_scheduleAbsolute
<LI><a href="#[ba]">&gt;&gt;</a>&nbsp;&nbsp;&nbsp;packetfunctions_isBroadcastMulticast
<LI><a href="#[c9]">&gt;&gt;</a>&nbsp;&nbsp;&nbsp;schedule_indicateTx
<LI><a href="#[ca]">&gt;&gt;</a>&nbsp;&nbsp;&nbsp;notif_sendDone
<LI><a href="#[81]">&gt;&gt;</a>&nbsp;&nbsp;&nbsp;endSlot
<LI><a href="#[75]">&gt;&gt;</a>&nbsp;&nbsp;&nbsp;changeState
</UL>
<BR>[Called By]<UL><LI><a href="#[1b]">&gt;&gt;</a>&nbsp;&nbsp;&nbsp;ieee154e_endOfFrame
</UL>

<P><STRONG><a name="[cb]"></a>activity_ti6</STRONG> (Thumb, 80 bytes, Stack size 16 bytes, ieee802154e.o(i.activity_ti6))
<BR><BR>[Stack]<UL><LI>Max Depth = 104<LI>Call Chain = activity_ti6 &rArr; radio_setFrequency &rArr; setFrequencyTX &rArr; LC_FREQCHANGE
</UL>
<BR>[Calls]<UL><LI><a href="#[79]">&gt;&gt;</a>&nbsp;&nbsp;&nbsp;sctimer_readCounter
<LI><a href="#[77]">&gt;&gt;</a>&nbsp;&nbsp;&nbsp;radio_setFrequency
<LI><a href="#[78]">&gt;&gt;</a>&nbsp;&nbsp;&nbsp;radio_rxEnable
<LI><a href="#[76]">&gt;&gt;</a>&nbsp;&nbsp;&nbsp;opentimers_scheduleAbsolute
<LI><a href="#[75]">&gt;&gt;</a>&nbsp;&nbsp;&nbsp;changeState
</UL>
<BR>[Called By]<UL><LI><a href="#[15]">&gt;&gt;</a>&nbsp;&nbsp;&nbsp;isr_ieee154e_timer
</UL>

<P><STRONG><a name="[cc]"></a>activity_ti7</STRONG> (Thumb, 48 bytes, Stack size 16 bytes, ieee802154e.o(i.activity_ti7))
<BR><BR>[Stack]<UL><LI>Max Depth = 68<LI>Call Chain = activity_ti7 &rArr; opentimers_scheduleAbsolute &rArr; sctimer_setCompare
</UL>
<BR>[Calls]<UL><LI><a href="#[7b]">&gt;&gt;</a>&nbsp;&nbsp;&nbsp;radio_rxNow
<LI><a href="#[76]">&gt;&gt;</a>&nbsp;&nbsp;&nbsp;opentimers_scheduleAbsolute
<LI><a href="#[75]">&gt;&gt;</a>&nbsp;&nbsp;&nbsp;changeState
</UL>
<BR>[Called By]<UL><LI><a href="#[15]">&gt;&gt;</a>&nbsp;&nbsp;&nbsp;isr_ieee154e_timer
</UL>

<P><STRONG><a name="[cd]"></a>activity_ti8</STRONG> (Thumb, 66 bytes, Stack size 16 bytes, ieee802154e.o(i.activity_ti8))
<BR><BR>[Stack]<UL><LI>Max Depth = 68<LI>Call Chain = activity_ti8 &rArr; opentimers_scheduleAbsolute &rArr; sctimer_setCompare
</UL>
<BR>[Calls]<UL><LI><a href="#[76]">&gt;&gt;</a>&nbsp;&nbsp;&nbsp;opentimers_scheduleAbsolute
<LI><a href="#[75]">&gt;&gt;</a>&nbsp;&nbsp;&nbsp;changeState
</UL>
<BR>[Called By]<UL><LI><a href="#[1a]">&gt;&gt;</a>&nbsp;&nbsp;&nbsp;ieee154e_startOfFrame
</UL>

<P><STRONG><a name="[ce]"></a>activity_ti9</STRONG> (Thumb, 506 bytes, Stack size 80 bytes, ieee802154e.o(i.activity_ti9))
<BR><BR>[Stack]<UL><LI>Max Depth = 368 + Unknown Stack Size
<LI>Call Chain = activity_ti9 &rArr; endSlot &rArr; schedule_removeActiveSlot &rArr; packetfunctions_sameAddress &rArr; openserial_printLog &rArr; internal_openserial_print &rArr; outputHdlcClose &rArr; outputHdlcWrite &rArr; crcIteration
</UL>
<BR>[Calls]<UL><LI><a href="#[79]">&gt;&gt;</a>&nbsp;&nbsp;&nbsp;sctimer_readCounter
<LI><a href="#[7e]">&gt;&gt;</a>&nbsp;&nbsp;&nbsp;radio_rfOff
<LI><a href="#[82]">&gt;&gt;</a>&nbsp;&nbsp;&nbsp;radio_getReceivedFrame
<LI><a href="#[76]">&gt;&gt;</a>&nbsp;&nbsp;&nbsp;opentimers_scheduleAbsolute
<LI><a href="#[87]">&gt;&gt;</a>&nbsp;&nbsp;&nbsp;IEEE802154_security_incomingFrame
<LI><a href="#[85]">&gt;&gt;</a>&nbsp;&nbsp;&nbsp;IEEE802154_security_acceptableLevel
<LI><a href="#[84]">&gt;&gt;</a>&nbsp;&nbsp;&nbsp;ieee802154_retrieveHeader
<LI><a href="#[80]">&gt;&gt;</a>&nbsp;&nbsp;&nbsp;openserial_printLog
<LI><a href="#[c9]">&gt;&gt;</a>&nbsp;&nbsp;&nbsp;schedule_indicateTx
<LI><a href="#[88]">&gt;&gt;</a>&nbsp;&nbsp;&nbsp;packetfunctions_tossHeader
<LI><a href="#[83]">&gt;&gt;</a>&nbsp;&nbsp;&nbsp;packetfunctions_tossFooter
<LI><a href="#[7f]">&gt;&gt;</a>&nbsp;&nbsp;&nbsp;openqueue_getFreePacketBuffer
<LI><a href="#[93]">&gt;&gt;</a>&nbsp;&nbsp;&nbsp;openqueue_freePacketBuffer
<LI><a href="#[8e]">&gt;&gt;</a>&nbsp;&nbsp;&nbsp;idmanager_getIsDAGroot
<LI><a href="#[8f]">&gt;&gt;</a>&nbsp;&nbsp;&nbsp;icmpv6rpl_isPreferredParent
<LI><a href="#[ca]">&gt;&gt;</a>&nbsp;&nbsp;&nbsp;notif_sendDone
<LI><a href="#[cf]">&gt;&gt;</a>&nbsp;&nbsp;&nbsp;isValidAck
<LI><a href="#[81]">&gt;&gt;</a>&nbsp;&nbsp;&nbsp;endSlot
<LI><a href="#[75]">&gt;&gt;</a>&nbsp;&nbsp;&nbsp;changeState
<LI><a href="#[5a]">&gt;&gt;</a>&nbsp;&nbsp;&nbsp;__aeabi_memcpy
<LI><a href="#[52]">&gt;&gt;</a>&nbsp;&nbsp;&nbsp;__2printf
</UL>
<BR>[Called By]<UL><LI><a href="#[1b]">&gt;&gt;</a>&nbsp;&nbsp;&nbsp;ieee154e_endOfFrame
</UL>

<P><STRONG><a name="[d0]"></a>activity_tie1</STRONG> (Thumb, 28 bytes, Stack size 8 bytes, ieee802154e.o(i.activity_tie1))
<BR><BR>[Stack]<UL><LI>Max Depth = 296<LI>Call Chain = activity_tie1 &rArr; endSlot &rArr; schedule_removeActiveSlot &rArr; packetfunctions_sameAddress &rArr; openserial_printLog &rArr; internal_openserial_print &rArr; outputHdlcClose &rArr; outputHdlcWrite &rArr; crcIteration
</UL>
[...]
<LI><a href="#[5a]">&gt;&gt;</a>&nbsp;&nbsp;&nbsp;__aeabi_memcpy
</UL>
<BR>[Called By]<UL><LI><a href="#[1e8]">&gt;&gt;</a>&nbsp;&nbsp;&nbsp;timer_sixtop_management_fired
</UL>

<P><STRONG><a name="[1ee]"></a>sixtop_send_internal</STRONG> (Thumb, 176 bytes, Stack size 32 bytes, sixtop.o(i.sixtop_send_internal))
<BR><BR>[Stack]<UL><LI>Max Depth = 288<LI>Call Chain = sixtop_send_internal &rArr; ieee802154_prependHeader &rArr; packetfunctions_writeAddress &rArr; packetfunctions_reserveHeader &rArr; openserial_printLog &rArr; internal_openserial_print &rArr; outputHdlcClose &rArr; outputHdlcWrite &rArr; crcIteration
</UL>
<BR>[Calls]<UL><LI><a href="#[ba]">&gt;&gt;</a>&nbsp;&nbsp;&nbsp;packetfunctions_isBroadcastMulticast
<LI><a href="#[95]">&gt;&gt;</a>&nbsp;&nbsp;&nbsp;ieee802154_prependHeader
<LI><a href="#[179]">&gt;&gt;</a>&nbsp;&nbsp;&nbsp;msf_hashFunction_getSlotoffset
<LI><a href="#[184]">&gt;&gt;</a>&nbsp;&nbsp;&nbsp;msf_hashFunction_getChanneloffset
<LI><a href="#[1dc]">&gt;&gt;</a>&nbsp;&nbsp;&nbsp;schedule_hasAutoTxCellToNeighbor
<LI><a href="#[90]">&gt;&gt;</a>&nbsp;&nbsp;&nbsp;schedule_hasNegotiatedCellToNeighbor
<LI><a href="#[167]">&gt;&gt;</a>&nbsp;&nbsp;&nbsp;schedule_addActiveSlot
</UL>
<BR>[Called By]<UL><LI><a href="#[1f1]">&gt;&gt;</a>&nbsp;&nbsp;&nbsp;sixtop_sendKA
<LI><a href="#[1ef]">&gt;&gt;</a>&nbsp;&nbsp;&nbsp;sixtop_sendEB
<LI><a href="#[15d]">&gt;&gt;</a>&nbsp;&nbsp;&nbsp;sixtop_send
</UL>

<P><STRONG><a name="[2c]"></a>sixtop_sendingEb_timer_cb</STRONG> (Thumb, 10 bytes, Stack size 8 bytes, sixtop.o(i.sixtop_sendingEb_timer_cb))
<BR><BR>[Stack]<UL><LI>Max Depth = 352<LI>Call Chain = sixtop_sendingEb_timer_cb &rArr; timer_sixtop_sendEb_fired &rArr; sixtop_sendEB &rArr; sixtop_send_internal &rArr; ieee802154_prependHeader &rArr; packetfunctions_writeAddress &rArr; packetfunctions_reserveHeader &rArr; openserial_printLog &rArr; internal_openserial_print &rArr; outputHdlcClose &rArr; outputHdlcWrite &rArr; crcIteration
</UL>
<BR>[Calls]<UL><LI><a href="#[1f2]">&gt;&gt;</a>&nbsp;&nbsp;&nbsp;timer_sixtop_sendEb_fired
</UL>
<BR>[Address Reference Count : 1]<UL><LI> sixtop.o(i.sixtop_init)
</UL>
<P><STRONG><a name="[183]"></a>sixtop_setSFcallback</STRONG> (Thumb, 14 bytes, Stack size 8 bytes, sixtop.o(i.sixtop_setSFcallback))
<BR><BR>[Stack]<UL><LI>Max Depth = 8<LI>Call Chain = sixtop_setSFcallback
</UL>
<BR>[Called By]<UL><LI><a href="#[182]">&gt;&gt;</a>&nbsp;&nbsp;&nbsp;msf_init
</UL>

<P><STRONG><a name="[1ea]"></a>sixtop_six2six_notifyReceive</STRONG> (Thumb, 3592 bytes, Stack size 136 bytes, sixtop.o(i.sixtop_six2six_notifyReceive))
<BR><BR>[Stack]<UL><LI>Max Depth = 432 + Unknown Stack Size
<LI>Call Chain = sixtop_six2six_notifyReceive &rArr; sixtop_send &rArr; sixtop_send_internal &rArr; ieee802154_prependHeader &rArr; packetfunctions_writeAddress &rArr; packetfunctions_reserveHeader &rArr; openserial_printLog &rArr; internal_openserial_print &rArr; outputHdlcClose &rArr; outputHdlcWrite &rArr; crcIteration
</UL>
<BR>[Calls]<UL><LI><a href="#[1f6]">&gt;&gt;</a>&nbsp;&nbsp;&nbsp;opentimers_cancel
<LI><a href="#[112]">&gt;&gt;</a>&nbsp;&nbsp;&nbsp;packetfunctions_reserveHeader
<LI><a href="#[80]">&gt;&gt;</a>&nbsp;&nbsp;&nbsp;openserial_printLog
<LI><a href="#[e5]">&gt;&gt;</a>&nbsp;&nbsp;&nbsp;__ARM_common_switch8
<LI><a href="#[19e]">&gt;&gt;</a>&nbsp;&nbsp;&nbsp;openqueue_remove6PrequestToNeighbor
<LI><a href="#[1f3]">&gt;&gt;</a>&nbsp;&nbsp;&nbsp;openqueue_getNum6PResp
<LI><a href="#[15d]">&gt;&gt;</a>&nbsp;&nbsp;&nbsp;sixtop_send
<LI><a href="#[1eb]">&gt;&gt;</a>&nbsp;&nbsp;&nbsp;sixtop_removeCells
<LI><a href="#[1e7]">&gt;&gt;</a>&nbsp;&nbsp;&nbsp;sixtop_areAvailableCellsToBeScheduled
<LI><a href="#[1e6]">&gt;&gt;</a>&nbsp;&nbsp;&nbsp;sixtop_areAvailableCellsToBeRemoved
<LI><a href="#[1e5]">&gt;&gt;</a>&nbsp;&nbsp;&nbsp;sixtop_addCells
<LI><a href="#[1df]">&gt;&gt;</a>&nbsp;&nbsp;&nbsp;schedule_removeAllNegotiatedCellsToNeighbor
<LI><a href="#[1f4]">&gt;&gt;</a>&nbsp;&nbsp;&nbsp;schedule_getOneCellAfterOffset
<LI><a href="#[1f5]">&gt;&gt;</a>&nbsp;&nbsp;&nbsp;schedule_getNumberOfFreeEntries
<LI><a href="#[178]">&gt;&gt;</a>&nbsp;&nbsp;&nbsp;neighbors_updateSequenceNumber
<LI><a href="#[195]">&gt;&gt;</a>&nbsp;&nbsp;&nbsp;neighbors_resetSequenceNumber
<LI><a href="#[18b]">&gt;&gt;</a>&nbsp;&nbsp;&nbsp;neighbors_getSequenceNumber
<LI><a href="#[b6]">&gt;&gt;</a>&nbsp;&nbsp;&nbsp;schedule_getFrameLength
<LI><a href="#[7f]">&gt;&gt;</a>&nbsp;&nbsp;&nbsp;openqueue_getFreePacketBuffer
<LI><a href="#[10b]">&gt;&gt;</a>&nbsp;&nbsp;&nbsp;__aeabi_memclr4
<LI><a href="#[5e]">&gt;&gt;</a>&nbsp;&nbsp;&nbsp;__aeabi_memclr
<LI><a href="#[5a]">&gt;&gt;</a>&nbsp;&nbsp;&nbsp;__aeabi_memcpy
<LI><a href="#[52]">&gt;&gt;</a>&nbsp;&nbsp;&nbsp;__2printf
</UL>
<BR>[Called By]<UL><LI><a href="#[1e9]">&gt;&gt;</a>&nbsp;&nbsp;&nbsp;sixtop_processIEs
</UL>

<P><STRONG><a name="[1f7]"></a>sixtop_six2six_sendDone</STRONG> (Thumb, 352 bytes, Stack size 16 bytes, sixtop.o(i.sixtop_six2six_sendDone))
<BR><BR>[Stack]<UL><LI>Max Depth = 296 + Unknown Stack Size
<LI>Call Chain = sixtop_six2six_sendDone &rArr; sixtop_removeCells &rArr; schedule_removeActiveSlot &rArr; packetfunctions_sameAddress &rArr; openserial_printLog &rArr; internal_openserial_print &rArr; outputHdlcClose &rArr; outputHdlcWrite &rArr; crcIteration
</UL>
<BR>[Calls]<UL><LI><a href="#[123]">&gt;&gt;</a>&nbsp;&nbsp;&nbsp;opentimers_scheduleIn
<LI><a href="#[e5]">&gt;&gt;</a>&nbsp;&nbsp;&nbsp;__ARM_common_switch8
<LI><a href="#[1f8]">&gt;&gt;</a>&nbsp;&nbsp;&nbsp;timer_sixtop_six2six_timeout_fired
<LI><a href="#[1eb]">&gt;&gt;</a>&nbsp;&nbsp;&nbsp;sixtop_removeCells
<LI><a href="#[1e5]">&gt;&gt;</a>&nbsp;&nbsp;&nbsp;sixtop_addCells
<LI><a href="#[1df]">&gt;&gt;</a>&nbsp;&nbsp;&nbsp;schedule_removeAllNegotiatedCellsToNeighbor
<LI><a href="#[178]">&gt;&gt;</a>&nbsp;&nbsp;&nbsp;neighbors_updateSequenceNumber
<LI><a href="#[195]">&gt;&gt;</a>&nbsp;&nbsp;&nbsp;neighbors_resetSequenceNumber
<LI><a href="#[93]">&gt;&gt;</a>&nbsp;&nbsp;&nbsp;openqueue_freePacketBuffer
<LI><a href="#[52]">&gt;&gt;</a>&nbsp;&nbsp;&nbsp;__2printf
</UL>
<BR>[Called By]<UL><LI><a href="#[26]">&gt;&gt;</a>&nbsp;&nbsp;&nbsp;task_sixtopNotifSendDone
</UL>

<P><STRONG><a name="[2e]"></a>sixtop_timeout_timer_cb</STRONG> (Thumb, 10 bytes, Stack size 8 bytes, sixtop.o(i.sixtop_timeout_timer_cb))
<BR><BR>[Stack]<UL><LI>Max Depth = 248<LI>Call Chain = sixtop_timeout_timer_cb &rArr; timer_sixtop_six2six_timeout_fired &rArr; schedule_removeAllNegotiatedCellsToNeighbor &rArr; schedule_removeActiveSlot &rArr; packetfunctions_sameAddress &rArr; openserial_printLog &rArr; internal_openserial_print &rArr; outputHdlcClose &rArr; outputHdlcWrite &rArr; crcIteration
</UL>
<BR>[Calls]<UL><LI><a href="#[1f8]">&gt;&gt;</a>&nbsp;&nbsp;&nbsp;timer_sixtop_six2six_timeout_fired
</UL>
<BR>[Address Reference Count : 1]<UL><LI> sixtop.o(i.sixtop_six2six_sendDone)
</UL>
<P><STRONG><a name="[91]"></a>synchronizePacket</STRONG> (Thumb, 142 bytes, Stack size 32 bytes, ieee802154e.o(i.synchronizePacket))
<BR><BR>[Stack]<UL><LI>Max Depth = 160 + Unknown Stack Size
<LI>Call Chain = synchronizePacket &rArr; openserial_printLog &rArr; internal_openserial_print &rArr; outputHdlcClose &rArr; outputHdlcWrite &rArr; crcIteration
</UL>
<BR>[Calls]<UL><LI><a href="#[76]">&gt;&gt;</a>&nbsp;&nbsp;&nbsp;opentimers_scheduleAbsolute
<LI><a href="#[fc]">&gt;&gt;</a>&nbsp;&nbsp;&nbsp;opentimers_getValue
<LI><a href="#[80]">&gt;&gt;</a>&nbsp;&nbsp;&nbsp;openserial_printLog
<LI><a href="#[1f9]">&gt;&gt;</a>&nbsp;&nbsp;&nbsp;updateStats
<LI><a href="#[af]">&gt;&gt;</a>&nbsp;&nbsp;&nbsp;incrementAsnOffset
<LI><a href="#[52]">&gt;&gt;</a>&nbsp;&nbsp;&nbsp;__2printf
</UL>
<BR>[Called By]<UL><LI><a href="#[a3]">&gt;&gt;</a>&nbsp;&nbsp;&nbsp;activity_synchronize_endOfFrame
<LI><a href="#[9d]">&gt;&gt;</a>&nbsp;&nbsp;&nbsp;activity_ri9
<LI><a href="#[7d]">&gt;&gt;</a>&nbsp;&nbsp;&nbsp;activity_ri5
</UL>

<P><STRONG><a name="[1a2]"></a>task_openserial_debugPrint</STRONG> (Thumb, 246 bytes, Stack size 16 bytes, openserial.o(i.task_openserial_debugPrint))
<BR><BR>[Stack]<UL><LI>Max Depth = 136<LI>Call Chain = task_openserial_debugPrint &rArr; debugPrint_queue &rArr; openserial_printStatus &rArr; outputHdlcClose &rArr; outputHdlcWrite &rArr; crcIteration
</UL>
<BR>[Calls]<UL><LI><a href="#[f7]">&gt;&gt;</a>&nbsp;&nbsp;&nbsp;debugPrint_schedule
<LI><a href="#[f6]">&gt;&gt;</a>&nbsp;&nbsp;&nbsp;debugPrint_queue
<LI><a href="#[f4]">&gt;&gt;</a>&nbsp;&nbsp;&nbsp;debugPrint_neighbors
<LI><a href="#[f3]">&gt;&gt;</a>&nbsp;&nbsp;&nbsp;debugPrint_myDAGrank
<LI><a href="#[f2]">&gt;&gt;</a>&nbsp;&nbsp;&nbsp;debugPrint_msf
<LI><a href="#[f1]">&gt;&gt;</a>&nbsp;&nbsp;&nbsp;debugPrint_macStats
<LI><a href="#[f0]">&gt;&gt;</a>&nbsp;&nbsp;&nbsp;debugPrint_kaPeriod
<LI><a href="#[ef]">&gt;&gt;</a>&nbsp;&nbsp;&nbsp;debugPrint_joined
<LI><a href="#[ee]">&gt;&gt;</a>&nbsp;&nbsp;&nbsp;debugPrint_isSync
<LI><a href="#[ed]">&gt;&gt;</a>&nbsp;&nbsp;&nbsp;debugPrint_id
<LI><a href="#[ec]">&gt;&gt;</a>&nbsp;&nbsp;&nbsp;debugPrint_backoff
<LI><a href="#[ea]">&gt;&gt;</a>&nbsp;&nbsp;&nbsp;debugPrint_asn
<LI><a href="#[f5]">&gt;&gt;</a>&nbsp;&nbsp;&nbsp;debugPrint_outBufferIndexes
<LI><a href="#[e5]">&gt;&gt;</a>&nbsp;&nbsp;&nbsp;__ARM_common_switch8
</UL>
<BR>[Called By]<UL><LI><a href="#[27]">&gt;&gt;</a>&nbsp;&nbsp;&nbsp;openserial_debugPrint_timer_cb
</UL>

<P><STRONG><a name="[1c]"></a>task_printInputBufferOverflow</STRONG> (Thumb, 20 bytes, Stack size 8 bytes, openserial.o(i.task_printInputBufferOverflow))
<BR><BR>[Stack]<UL><LI>Max Depth = 136<LI>Call Chain = task_printInputBufferOverflow &rArr; openserial_printLog &rArr; internal_openserial_print &rArr; outputHdlcClose &rArr; outputHdlcWrite &rArr; crcIteration
</UL>
<BR>[Calls]<UL><LI><a href="#[80]">&gt;&gt;</a>&nbsp;&nbsp;&nbsp;openserial_printLog
</UL>
<BR>[Address Reference Count : 1]<UL><LI> openserial.o(i.isr_openserial_rx)
</UL>
<P><STRONG><a name="[1d]"></a>task_printWrongCRCInput</STRONG> (Thumb, 20 bytes, Stack size 8 bytes, openserial.o(i.task_printWrongCRCInput))
<BR><BR>[Stack]<UL><LI>Max Depth = 136<LI>Call Chain = task_printWrongCRCInput &rArr; openserial_printLog &rArr; internal_openserial_print &rArr; outputHdlcClose &rArr; outputHdlcWrite &rArr; crcIteration
</UL>
<BR>[Calls]<UL><LI><a href="#[80]">&gt;&gt;</a>&nbsp;&nbsp;&nbsp;openserial_printLog
</UL>
<BR>[Address Reference Count : 1]<UL><LI> openserial.o(i.isr_openserial_rx)
</UL>
<P><STRONG><a name="[25]"></a>task_sixtopNotifReceive</STRONG> (Thumb, 254 bytes, Stack size 24 bytes, sixtop.o(i.task_sixtopNotifReceive))
<BR><BR>[Stack]<UL><LI>Max Depth = 1160 + Unknown Stack Size
<LI>Call Chain = task_sixtopNotifReceive &rArr; iphc_receive &rArr; forwarding_receive &rArr; icmpv6_receive &rArr; icmpv6rpl_receive &rArr; icmpv6rpl_timer_DIO_task &rArr; sendDIO &rArr; icmpv6_send &rArr; forwarding_send &rArr; forwarding_send_internal_RoutingTable &rArr; iphc_sendFromForwarding &rArr; sixtop_send &rArr; sixtop_send_internal &rArr; ieee802154_prependHeader &rArr; packetfunctions_writeAddress &rArr; packetfunctions_reserveHeader &rArr; openserial_printLog &rArr; internal_openserial_print &rArr; outputHdlcClose &rArr; outputHdlcWrite &rArr; crcIteration
</UL>
<BR>[Calls]<UL><LI><a href="#[80]">&gt;&gt;</a>&nbsp;&nbsp;&nbsp;openserial_printLog
<LI><a href="#[1fa]">&gt;&gt;</a>&nbsp;&nbsp;&nbsp;openqueue_sixtopGetReceivedPacket
<LI><a href="#[154]">&gt;&gt;</a>&nbsp;&nbsp;&nbsp;iphc_receive
<LI><a href="#[1e9]">&gt;&gt;</a>&nbsp;&nbsp;&nbsp;sixtop_processIEs
<LI><a href="#[18c]">&gt;&gt;</a>&nbsp;&nbsp;&nbsp;neighbors_indicateRx
<LI><a href="#[88]">&gt;&gt;</a>&nbsp;&nbsp;&nbsp;packetfunctions_tossHeader
<LI><a href="#[93]">&gt;&gt;</a>&nbsp;&nbsp;&nbsp;openqueue_freePacketBuffer
</UL>
<BR>[Address Reference Count : 1]<UL><LI> ieee802154e.o(i.notif_receive)
</UL>
<P><STRONG><a name="[26]"></a>task_sixtopNotifSendDone</STRONG> (Thumb, 160 bytes, Stack size 16 bytes, sixtop.o(i.task_sixtopNotifSendDone))
<BR><BR>[Stack]<UL><LI>Max Depth = 312 + Unknown Stack Size
<LI>Call Chain = task_sixtopNotifSendDone &rArr; sixtop_six2six_sendDone &rArr; sixtop_removeCells &rArr; schedule_removeActiveSlot &rArr; packetfunctions_sameAddress &rArr; openserial_printLog &rArr; internal_openserial_print &rArr; outputHdlcClose &rArr; outputHdlcWrite &rArr; crcIteration
</UL>
<BR>[Calls]<UL><LI><a href="#[80]">&gt;&gt;</a>&nbsp;&nbsp;&nbsp;openserial_printLog
<LI><a href="#[1fb]">&gt;&gt;</a>&nbsp;&nbsp;&nbsp;openqueue_sixtopGetSentPacket
<LI><a href="#[15a]">&gt;&gt;</a>&nbsp;&nbsp;&nbsp;iphc_sendDone
<LI><a href="#[1f7]">&gt;&gt;</a>&nbsp;&nbsp;&nbsp;sixtop_six2six_sendDone
<LI><a href="#[18e]">&gt;&gt;</a>&nbsp;&nbsp;&nbsp;neighbors_indicateTx
<LI><a href="#[93]">&gt;&gt;</a>&nbsp;&nbsp;&nbsp;openqueue_freePacketBuffer
</UL>
<BR>[Address Reference Count : 1]<UL><LI> ieee802154e.o(i.notif_sendDone)
</UL>
<P><STRONG><a name="[1e8]"></a>timer_sixtop_management_fired</STRONG> (Thumb, 44 bytes, Stack size 8 bytes, sixtop.o(i.timer_sixtop_management_fired))
<BR><BR>[Stack]<UL><LI>Max Depth = 312<LI>Call Chain = timer_sixtop_management_fired &rArr; sixtop_sendKA &rArr; sixtop_send_internal &rArr; ieee802154_prependHeader &rArr; packetfunctions_writeAddress &rArr; packetfunctions_reserveHeader &rArr; openserial_printLog &rArr; internal_openserial_print &rArr; outputHdlcClose &rArr; outputHdlcWrite &rArr; crcIteration
</UL>
<BR>[Calls]<UL><LI><a href="#[1f1]">&gt;&gt;</a>&nbsp;&nbsp;&nbsp;sixtop_sendKA
<LI><a href="#[191]">&gt;&gt;</a>&nbsp;&nbsp;&nbsp;neighbors_removeOld
<LI><a href="#[73]">&gt;&gt;</a>&nbsp;&nbsp;&nbsp;__aeabi_idivmod
</UL>
<BR>[Called By]<UL><LI><a href="#[2d]">&gt;&gt;</a>&nbsp;&nbsp;&nbsp;sixtop_maintenance_timer_cb
</UL>

<P><STRONG><a name="[1f2]"></a>timer_sixtop_sendEb_fired</STRONG> (Thumb, 18 bytes, Stack size 8 bytes, sixtop.o(i.timer_sixtop_sendEb_fired))
<BR><BR>[Stack]<UL><LI>Max Depth = 344<LI>Call Chain = timer_sixtop_sendEb_fired &rArr; sixtop_sendEB &rArr; sixtop_send_internal &rArr; ieee802154_prependHeader &rArr; packetfunctions_writeAddress &rArr; packetfunctions_reserveHeader &rArr; openserial_printLog &rArr; internal_openserial_print &rArr; outputHdlcClose &rArr; outputHdlcWrite &rArr; crcIteration
</UL>
<BR>[Calls]<UL><LI><a href="#[1ef]">&gt;&gt;</a>&nbsp;&nbsp;&nbsp;sixtop_sendEB
<LI><a href="#[a7]">&gt;&gt;</a>&nbsp;&nbsp;&nbsp;openrandom_get16b
</UL>
<BR>[Called By]<UL><LI><a href="#[2c]">&gt;&gt;</a>&nbsp;&nbsp;&nbsp;sixtop_sendingEb_timer_cb
</UL>

<P><STRONG><a name="[1f8]"></a>timer_sixtop_six2six_timeout_fired</STRONG> (Thumb, 60 bytes, Stack size 8 bytes, sixtop.o(i.timer_sixtop_six2six_timeout_fired))
<BR><BR>[Stack]<UL><LI>Max Depth = 240<LI>Call Chain = timer_sixtop_six2six_timeout_fired &rArr; schedule_removeAllNegotiatedCellsToNeighbor &rArr; schedule_removeActiveSlot &rArr; packetfunctions_sameAddress &rArr; openserial_printLog &rArr; internal_openserial_print &rArr; outputHdlcClose &rArr; outputHdlcWrite &rArr; crcIteration
</UL>
<BR>[Calls]<UL><LI><a href="#[1f6]">&gt;&gt;</a>&nbsp;&nbsp;&nbsp;opentimers_cancel
<LI><a href="#[1df]">&gt;&gt;</a>&nbsp;&nbsp;&nbsp;schedule_removeAllNegotiatedCellsToNeighbor
<LI><a href="#[195]">&gt;&gt;</a>&nbsp;&nbsp;&nbsp;neighbors_resetSequenceNumber
<LI><a href="#[10b]">&gt;&gt;</a>&nbsp;&nbsp;&nbsp;__aeabi_memclr4
</UL>
<BR>[Called By]<UL><LI><a href="#[2e]">&gt;&gt;</a>&nbsp;&nbsp;&nbsp;sixtop_timeout_timer_cb
<LI><a href="#[1f7]">&gt;&gt;</a>&nbsp;&nbsp;&nbsp;sixtop_six2six_sendDone
</UL>

<P><STRONG><a name="[163]"></a>timeslotTemplateIDStoreFromEB</STRONG> (Thumb, 6 bytes, Stack size 0 bytes, ieee802154e.o(i.timeslotTemplateIDStoreFromEB))
<BR><BR>[Called By]<UL><LI><a href="#[138]">&gt;&gt;</a>&nbsp;&nbsp;&nbsp;isValidEbFormat
</UL>

<P><STRONG><a name="[140]"></a>topology_isAcceptablePacket</STRONG> (Thumb, 6 bytes, Stack size 0 bytes, topology.o(i.topology_isAcceptablePacket))
<BR><BR>[Called By]<UL><LI><a href="#[84]">&gt;&gt;</a>&nbsp;&nbsp;&nbsp;ieee802154_retrieveHeader
</UL>

<P><STRONG><a name="[1a6]"></a>uart_enableInterrupts</STRONG> (Thumb, 2 bytes, Stack size 0 bytes, uart.o(i.uart_enableInterrupts))
<BR><BR>[Called By]<UL><LI><a href="#[1a4]">&gt;&gt;</a>&nbsp;&nbsp;&nbsp;openserial_init
</UL>

<P><STRONG><a name="[db]"></a>uart_init</STRONG> (Thumb, 12 bytes, Stack size 0 bytes, uart.o(i.uart_init))
<BR><BR>[Called By]<UL><LI><a href="#[d6]">&gt;&gt;</a>&nbsp;&nbsp;&nbsp;board_init
</UL>

<P><STRONG><a name="[114]"></a>uart_out</STRONG> (Thumb, 8 bytes, Stack size 0 bytes, retarget.o(i.uart_out))
<BR><BR>[Called By]<UL><LI><a href="#[13]">&gt;&gt;</a>&nbsp;&nbsp;&nbsp;fputc
</UL>

<P><STRONG><a name="[16a]"></a>uart_readByte</STRONG> (Thumb, 8 bytes, Stack size 0 bytes, uart.o(i.uart_readByte))
<BR><BR>[Called By]<UL><LI><a href="#[28]">&gt;&gt;</a>&nbsp;&nbsp;&nbsp;isr_openserial_rx
</UL>

<P><STRONG><a name="[46]"></a>uart_rx_isr</STRONG> (Thumb, 20 bytes, Stack size 8 bytes, uart.o(i.uart_rx_isr))
<BR><BR>[Stack]<UL><LI>Max Depth = 8<LI>Call Chain = uart_rx_isr
</UL>
<BR>[Called By]<UL><LI><a href="#[6]">&gt;&gt;</a>&nbsp;&nbsp;&nbsp;UART_Handler
</UL>

<P><STRONG><a name="[16f]"></a>uart_setCTS</STRONG> (Thumb, 24 bytes, Stack size 0 bytes, uart.o(i.uart_setCTS))
<BR><BR>[Called By]<UL><LI><a href="#[152]">&gt;&gt;</a>&nbsp;&nbsp;&nbsp;openserial_flush
<LI><a href="#[29]">&gt;&gt;</a>&nbsp;&nbsp;&nbsp;isr_openserial_tx
</UL>

<P><STRONG><a name="[1a5]"></a>uart_setCallbacks</STRONG> (Thumb, 8 bytes, Stack size 0 bytes, uart.o(i.uart_setCallbacks))
<BR><BR>[Called By]<UL><LI><a href="#[1a4]">&gt;&gt;</a>&nbsp;&nbsp;&nbsp;openserial_init
</UL>

<P><STRONG><a name="[1fc]"></a>uart_tx_isr</STRONG> (Thumb, 50 bytes, Stack size 8 bytes, uart.o(i.uart_tx_isr))
<BR><BR>[Stack]<UL><LI>Max Depth = 8<LI>Call Chain = uart_tx_isr
</UL>
<BR>[Called By]<UL><LI><a href="#[170]">&gt;&gt;</a>&nbsp;&nbsp;&nbsp;uart_writeByte
</UL>

<P><STRONG><a name="[170]"></a>uart_writeByte</STRONG> (Thumb, 48 bytes, Stack size 8 bytes, uart.o(i.uart_writeByte))
<BR><BR>[Stack]<UL><LI>Max Depth = 16<LI>Call Chain = uart_writeByte &rArr; uart_tx_isr
</UL>
<BR>[Calls]<UL><LI><a href="#[1fc]">&gt;&gt;</a>&nbsp;&nbsp;&nbsp;uart_tx_isr
</UL>
<BR>[Called By]<UL><LI><a href="#[152]">&gt;&gt;</a>&nbsp;&nbsp;&nbsp;openserial_flush
<LI><a href="#[29]">&gt;&gt;</a>&nbsp;&nbsp;&nbsp;isr_openserial_tx
</UL>

<P><STRONG><a name="[1f9]"></a>updateStats</STRONG> (Thumb, 30 bytes, Stack size 0 bytes, ieee802154e.o(i.updateStats))
<BR><BR>[Called By]<UL><LI><a href="#[91]">&gt;&gt;</a>&nbsp;&nbsp;&nbsp;synchronizePacket
</UL>
<P>
<H3>
Local Symbols
</H3>
<P><STRONG><a name="[14]"></a>_printf_input_char</STRONG> (Thumb, 10 bytes, Stack size 0 bytes, _printf_char_common.o(.text))
<BR>[Address Reference Count : 1]<UL><LI> _printf_char_common.o(.text)
</UL><P>
<H3>
Undefined Global Symbols
</H3>
<P><STRONG><a name="[65]"></a>_call_atexit_fns</STRONG> (ARM, 0 bytes, Stack size 0 bytes, UNDEFINED)
<BR><BR>[Called By]<UL><LI><a href="#[41]">&gt;&gt;</a>&nbsp;&nbsp;&nbsp;exit
</UL>

<P><STRONG><a name="[61]"></a>_printf_post_padding</STRONG> (ARM, 0 bytes, Stack size 0 bytes, UNDEFINED)
<BR><BR>[Called By]<UL><LI><a href="#[59]">&gt;&gt;</a>&nbsp;&nbsp;&nbsp;_printf_int_common
</UL>

<P><STRONG><a name="[60]"></a>_printf_pre_padding</STRONG> (ARM, 0 bytes, Stack size 0 bytes, UNDEFINED)
<BR><BR>[Called By]<UL><LI><a href="#[59]">&gt;&gt;</a>&nbsp;&nbsp;&nbsp;_printf_int_common
</UL>

<P><STRONG><a name="[56]"></a>_printf_truncate_signed</STRONG> (ARM, 0 bytes, Stack size 0 bytes, UNDEFINED)
<BR><BR>[Called By]<UL><LI><a href="#[38]">&gt;&gt;</a>&nbsp;&nbsp;&nbsp;_printf_int_dec
</UL>

<P><STRONG><a name="[57]"></a>_printf_truncate_unsigned</STRONG> (ARM, 0 bytes, Stack size 0 bytes, UNDEFINED)
<BR><BR>[Called By]<UL><LI><a href="#[3a]">&gt;&gt;</a>&nbsp;&nbsp;&nbsp;_printf_int_hex
<LI><a href="#[38]">&gt;&gt;</a>&nbsp;&nbsp;&nbsp;_printf_int_dec
</UL>
<HR></body></html>
